STELQUICK: macOS 渲染兼容模式 = transaction-off
STELQUICK: 宿主形态 = QApplication（Widgets，A3 引擎共存前置）
STELQUICK: 自动定位 Vulkan 加载库 /opt/homebrew/opt/vulkan-loader/lib/libvulkan.1.dylib
QVulkanInstance already created; setExtensions() has no effect
STELQUICK: probe ok=1 device=Apple M3 api=1.1.357 driver=0.2.2210 portability_driver=1 portability_enum_ext=1 err=
STELQUICK: runtimeApi=Vulkan backendOk=1 device=Apple M3（判定来源=信号/兜底）
StelFileMgr found install location "."
System language (ISO 639 / ISO 3166): zh_CN
Could not determine locale directory
Couldn't load translations for language  "en" in section "stellarium"
Empty translation file for language  "en" in section "stellarium"
Default surface format:  QSurfaceFormat(version 2.0, options QFlags<QSurfaceFormat::FormatOption>(), depthBufferSize -1, redBufferSize -1, greenBufferSize -1, blueBufferSize -1, alphaBufferSize -1, stencilBufferSize -1, samples -1, swapBehavior QSurfaceFormat::DefaultSwapBehavior, swapInterval 1, colorSpace QColorSpace(), profile  QSurfaceFormat::NoProfile)
OpenGL module type: desktop OpenGL
StelGLWidget constructor
StelGraphicsScene constructor
qt.qpa.openglcontext: Could not create NSOpenGLContext with shared context, falling back to unshared context.
initializeGL(windowWidth = 1280, windowHeight = 720)
OpenGL supported version:  "4.1 Metal - 91.7"
Current Format:  QSurfaceFormat(version 4.1, options QFlags<QSurfaceFormat::FormatOption>(), depthBufferSize 32, redBufferSize 8, greenBufferSize 8, blueBufferSize 8, alphaBufferSize -1, stencilBufferSize 8, samples 0, swapBehavior QSurfaceFormat::DoubleBuffer, swapInterval 0, colorSpace QColorSpace(), profile  QSurfaceFormat::CoreProfile)
Initializing StelMainView
Luminance textures are not supported
Running in High Graphics Mode
Maximum texture anisotropy: 16
Maximum 2D texture size: 16384
Driver version string: 4.1 Metal - 91.7
GL vendor: Apple
GL renderer: Apple M3
GL Shading Language version: 4.10
stel.OpenGLArray: Vertex Array Objects are supported
Initial high-DPI scaling factor: 2
qt.qpa.fonts: Populating font family aliases took 91 ms. Replace uses of missing font family "DejaVu Sans" with one that exists to avoid this cost. 
Could not determine locale directory
Couldn't load translations for language  "zh_CN" in section "stellarium"
Empty translation file for language  "zh_CN" in section "stellarium"
Application language: zh_CN
Could not determine locale directory
Couldn't load translations for language  "zh_CN" in section "stellarium-skycultures"
Empty translation file for language  "zh_CN" in section "stellarium-skycultures"
Could not determine locale directory
Couldn't load translations for language  "zh_CN" in section "stellarium-sky"
Empty translation file for language  "zh_CN" in section "stellarium-sky"
Empty skyculture-independent translation file for language  "zh_CN"
Sky language: zh_CN
Could not determine locale directory
Couldn't load translations for language  "zh_CN" in section "stellarium-planetary-features"
Empty translation file for language  "zh_CN" in section "stellarium-planetary-features"
Planetary features language: zh_CN
Could not determine locale directory
Couldn't load translations for language  "zh_CN" in section "stellarium-scripts"
Empty translation file for language  "zh_CN" in section "stellarium-scripts"
Scripts language: zh_CN
Could not determine locale directory
Couldn't load translations for language  "zh_CN" in section "stellarium-skycultures-descriptions"
Empty translation file for language  "zh_CN" in section "stellarium-skycultures-descriptions"
Sky culture description language: zh_CN
Cache directory: /Users/ztuqfvy/Library/Caches/stellarium-vulkan/stelQuickUI
Loaded 252 countries
Loaded 193 regions
Loading Solar System data (1: planets and moons) ...
Loading from: ./data/ssystem_major.ini
Loaded 83 Solar System bodies from  ./data/ssystem_major.ini
Solar System now has 83 entries.
Loading Solar System data (2: minor bodies) ...
Loading from: /Users/ztuqfvy/Library/Application Support/Stellarium/data/ssystem_minor.ini
Minor body  (152637) has incomplete data (missing iau_designation or minor_planet_number) in /Users/ztuqfvy/Library/Application Support/Stellarium/data/ssystem_minor.ini section 152637(152637)
Minor body  (66146) has incomplete data (missing iau_designation or minor_planet_number) in /Users/ztuqfvy/Library/Application Support/Stellarium/data/ssystem_minor.ini section 66146(66146)
minor body  "(66146)" has no IAU code in section  "66146(66146)"
minor body  "(152637)" has no IAU code in section  "152637(152637)"
Loaded 477 Solar System bodies from  /Users/ztuqfvy/Library/Application Support/Stellarium/data/ssystem_minor.ini
Solar System now has 560 entries.
File ssystem_minor.ini is loaded successfully...
ExtendedElements: loaded epoch tables for 4 asteroids from "./data/asteroid_elements.json" ( 0 not matched in ssystem_minor.ini)
SolarSystem: We have configured 0 threads (plus main thread) for computePositions().
qt.gui.imageio: libpng warning: iCCP: profile 'ICC profile': 'RGB ': RGB color space not permitted on grayscale PNG
Loading nomenclature for Solar system bodies ...
Loaded 16058 / 16094 items of planetary surface nomenclature
Cannot find these planetary objects to assign nomenclature items: Arrokoth, Dactyl, Didymos, Dimorphos, Dinkinesh, Donaldjohanson
Loading star data ...
Loading star catalog: ./stars/hip_gaia3/stars_0_0v0_21.cat - 0_0v0_21; 5046 entries
Loading star catalog: ./stars/hip_gaia3/stars_1_0v0_16.cat - 1_0v0_16; 21612 entries
Loading star catalog: ./stars/hip_gaia3/stars_2_0v0_17.cat - 2_0v0_17; 141738 entries
Loading star catalog: ./stars/hip_gaia3/stars_3_0v0_10.cat - 3_0v0_10; 418129 entries
Finished loading star catalogue data, max_geodesic_level: 3
Loading scientific star designations from ./stars/hip_gaia3/name.fab
Loaded 5060 / 5060 scientific designations
Loading scientific star designations from ./stars/hip_gaia3/extra_name.fab
Loaded 26200 / 26200 scientific designations
Loading variable stars data from ./stars/hip_gaia3/gcvs.cat
[...] GCVS 5.1-20250615
Loaded 47323 / 47323 variable stars
Loading double stars from ./stars/hip_gaia3/wds_hip_part.dat
Loaded 22992 / 22992 double stars
Loading cross-identification data from ./stars/hip_gaia3/cross-id.cat
Loaded 327097 / 327097 cross-identification data records for stars
Loading orbital parameters data for binary system from ./stars/hip_gaia3/binary_orbitparam.dat
Loaded 15 / 15 orbital parameters data for binary system
Lists of stars: 118205 HIP stars, 22992 are binaries, 6572 variable (600 Algol-type, 209 Cepheids), 316 Carbon stars, 159 Barium stars, and 220 have PM>1000mas/yr.
navigation/preset_sky_time is a double - treating as jday: 2451514.25001
Loading DSO data ...
[...] Stellarium DSO Catalog, version 3.23 (standard edition)
Loaded 94899 DSO records
Loading DSO name data ...
qt.gui.imageio: libpng warning: iCCP: profile 'icc': 'GRAY': Gray color space not permitted on RGB PNG
Loaded 1361 / 1388 DSO name records successfully
No position data for 27 objects: PGC 2798, PGC 2907, PGC 23521, PGC 28759, PGC 29167, PGC 34658, PGC 42102, PGC 44750, PGC 54559, PGC 59117, PGC 59858, PGC 59953, PGC 69018, PGC 69877, PGC 73957, PGC 95597, PGC 100170, PGC 100170, PGC 119230, PGC 1000714, PGC 1436754, PGC 1694462, PGC 2822840, PGC 2826829, PGC 3098124, SNRG 194.7+00.4, SNRG 201.1+08.3
Loading DSO outline data ...
Loaded 100 DSO outline records successfully
Loading DSO discovery data ...
Loaded 183 / 183 DSO discovery records successfully
LandscapeMgr: initialized Cache for 100 MB.
Loading star names from ./skycultures/common_star_names.fab
Loaded 411 / 411 common star names
Loaded 88 / 88 constellation records successfully for culture modern
Cultural Sky Partition: Loaded partitions: QList(12, 3, 2, 5) 12 names,  12 symbols. 0 link stars.  ""
Loading constellation boundary data ... 
Loaded 781 constellation boundary segments
Possible error in asterism "TA4": can't find star Gaia DR3 1233876351043694464... skipping asterism, please install more star catalogs
Possible error in asterism "TA6": can't find star Gaia DR3 2569872520258433152... skipping asterism, please install more star catalogs
Possible error in asterism "TA9": can't find star Gaia DR3 3530241707454156544... skipping asterism, please install more star catalogs
Possible error in asterism "TA12": can't find star Gaia DR3 4472807013960674944... skipping asterism, please install more star catalogs
Loaded 88 / 92 asterism records successfully for culture modern
Initializing basic GL shaders... 
Creating GUI ...
Loading style file: :/graphicGui/normalStyle.css
Loaded plugin "Exoplanets"
[Exoplanets] Version of the format of the catalog: 1
[Exoplanets] loading catalog file: /Users/ztuqfvy/Library/Application Support/Stellarium/modules/Exoplanets/exoplanets.json
Loaded plugin "MeteorShowers"
[MeteorShowersMgr] Loading catalog file: /Users/ztuqfvy/Library/Application Support/Stellarium/modules/MeteorShowers/MeteorShowers.json
[MeteorShowersMgr] Version of the format of the catalog: 2
Loaded plugin "Novae"
[Novae] version of the catalog: 1
[Novae] Loading catalog file: /Users/ztuqfvy/Library/Application Support/Stellarium/modules/Novae/novae.json
Loaded plugin "Oculars"
Oculars::validateAndLoadIniFile() ocular.ini exists at: /Users/ztuqfvy/Library/Application Support/Stellarium/modules/Oculars/ocular.ini . Checking version...
Oculars::validateAndLoadIniFile() found existing ini file version 3.1
Loaded plugin "Satellites"
[Satellites] loading catalogue file: /Users/ztuqfvy/Library/Application Support/Stellarium/modules/Satellites/satellites.json
Satellite has invalid orbit: "STARLINK-4451" "53492"
Satellite has invalid orbit: "STARLINK-31079" "58598"
Loaded plugin "SolarSystemEditor"
Using the ssystem_minor.ini file that already exists in the user directory...
Loaded 895910 discovery circumstances records for minor planets...
SSE: Comet cross-index data: Overwriting entry for "453P"
SSE: Comet cross-index data: Overwriting entry for "467P"
SSE: Comet cross-index data: Overwriting entry for "465P"
SSE: Comet cross-index data: Overwriting entry for "466P"
SSE: Comet cross-index data: Overwriting entry for "468P"
SSE: Comet cross-index data: Overwriting entry for "470P"
SSE: Comet cross-index data: Overwriting entry for "472P"
SSE: Comet cross-index data: Overwriting entry for "475P"
SSE: Comet cross-index data: Overwriting entry for "477P"
SSE: Comet cross-index data: Overwriting entry for "473P"
SSE: Comet cross-index data: Overwriting entry for "476P"
SSE: Comet cross-index data: Overwriting entry for "479P"
SSE: Comet cross-index data: Overwriting entry for "480P"
SSE: Comet cross-index data: Overwriting entry for "481P"
Loaded 2570 discovery circumstances records for comets...
OpenGL viewport size: 2560 x 1440
Creating scene FBO with size 2560x1440
LIVESKY: 引擎引导完成（0ms，GL 4.1 core=1 renderer="Apple M3"）
LIVESKY: 帧泵已启动（1280x720，名义 50.0 fps，JD 速率 0.0200 天/秒，起点 JD=2461306.94190）
STELLRUN: 生产者=engine(真实引擎)
STELLRUN: 环境前置通过（Now drawing from 'AC Power'，低电量模式关）
STELLRUN: 生产者由调用方装配，本跑只负责计量
STELLRUN: ⚠⚠ 负控已启用（每秒在 GUI 线程忙等 150ms）——本次数据不是合规基线，不得作为验收证据
STELLRUN: 预热 60 秒开始（生产者名义 50.0 fps，1280x720）
Initializing planets GL shaders... 
StelPainter: Warnings while linking transformShaderProgram shader program:
WARNING: Could not find vertex shader attribute 'texCoord' to match BindAttributeLocation request.
WARNING: Could not find vertex shader attribute 'normalIn' to match BindAttributeLocation request.

vkDebug: VK_ERROR_OUT_OF_DEVICE_MEMORY: Lost VkDevice after MTLCommandBuffer "vkQueueSubmit MTLCommandBuffer on Queue 0-0" execution failed (code 3): Caused GPU Address Fault Error (0000000b:kIOGPUCommandBufferCallbackErrorPageFault)
Device loss detected in vkWaitForFences()
Graphics device lost, cleaning up scenegraph and releasing RHI
vkDebug: VK_ERROR_OUT_OF_DEVICE_MEMORY: Lost VkDevice after MTLCommandBuffer "vkQueueSubmit MTLCommandBuffer on Queue 0-0" execution failed (code 3): Caused GPU Address Fault Error (0000000b:kIOGPUCommandBufferCallbackErrorPageFault)
vkDebug: VK_ERROR_OUT_OF_DEVICE_MEMORY: Lost VkDevice after MTLCommandBuffer "vkQueueSubmit MTLCommandBuffer on Queue 0-0" execution failed (code 3): Caused GPU Address Fault Error (0000000b:kIOGPUCommandBufferCallbackErrorPageFault)
Device loss detected in vkWaitForFences()
Graphics device lost, cleaning up scenegraph and releasing RHI
vkDebug: VK_ERROR_DEVICE_LOST: Lost VkDevice after MTLCommandBuffer "vkDeviceWaitIdle MTLCommandBuffer on Queue 0-0" execution failed (code 4): Ignored (for causing prior/excessive GPU errors) (00000004:kIOGPUCommandBufferCallbackErrorSubmissionsIgnored)
Failed to create swapchain: -4
Failed to create new swapchain
Failed to build or resize swapchain
