[  0%] Built target TimeNavigator-static_autogen_timestamp_deps
[  0%] Built target stelQuickUI_qmlimportscan
[  0%] Built target AngleMeasure-static_autogen_timestamp_deps
[  0%] Built target QXlsx_autogen_timestamp_deps
[  0%] Built target qtcompress_stel_autogen_timestamp_deps
[  0%] Built target glues_stel_autogen_timestamp_deps
[  0%] Built target generate_qmlls_build_ini_file
[  0%] Built target ArchaeoLines-static_autogen_timestamp_deps
[  0%] Built target Calendars-static_autogen_timestamp_deps
[  0%] Built target MosaicCamera-static_autogen_timestamp_deps
[  0%] Built target NavStars-static_autogen_timestamp_deps
[  0%] Built target EquationOfTime-static_autogen_timestamp_deps
[  0%] Built target MeteorShowers-static_autogen_timestamp_deps
[  0%] Built target Novae-static_autogen_timestamp_deps
[  0%] Built target Exoplanets-static_autogen_timestamp_deps
[  0%] Built target Observability-static_autogen_timestamp_deps
[  0%] Built target Planes-static_autogen_timestamp_deps
[  0%] Built target Oculars-static_autogen_timestamp_deps
[  0%] Built target OnlineQueries-static_autogen_timestamp_deps
[  0%] Built target PointerCoordinates-static_autogen_timestamp_deps
[  0%] Built target RemoteSync-static_autogen_timestamp_deps
[  0%] Built target Quasars-static_autogen_timestamp_deps
[  0%] Built target RemoteControl-static_autogen_timestamp_deps
[  0%] Built target Pulsars-static_autogen_timestamp_deps
[  0%] Built target Scenery3d-static_autogen_timestamp_deps
[  0%] Built target Satellites-static_autogen_timestamp_deps
[  0%] Built target Supernovae-static_autogen_timestamp_deps
[  0%] Built target TextUserInterface-static_autogen_timestamp_deps
[  0%] Built target TelescopeControl_common_autogen_timestamp_deps
[  0%] Built target NebulaTextures-static_autogen_timestamp_deps
[  0%] Built target indiclient_autogen_timestamp_deps
[  0%] Built target generate-cpp
[  1%] Built target stelQuickUI_copy_qml
[  1%] Built target SkyCultureMaker-static_autogen_timestamp_deps
[  1%] Built target SolarSystemEditor-static_autogen_timestamp_deps
[  1%] Built target glues_stel_autogen
[  1%] Built target stelQuickUI_copy_res
[  1%] Built target TimeNavigator-static_autogen
[  1%] Built target qtcompress_stel_autogen
[  1%] Built target QXlsx_autogen
[  1%] Built target AngleMeasure-static_autogen
[  1%] Built target ArchaeoLines-static_autogen
[  1%] Built target EquationOfTime-static_autogen
[  1%] Built target MeteorShowers-static_autogen
[  1%] Built target Calendars-static_autogen
[  1%] Built target MosaicCamera-static_autogen
[  1%] Built target NavStars-static_autogen
[  3%] Built target Exoplanets-static_autogen
[  3%] Built target Observability-static_autogen
[  3%] Built target Novae-static_autogen
[  3%] Built target Oculars-static_autogen
[  3%] Built target OnlineQueries-static_autogen
[  3%] Built target Quasars-static_autogen
[  3%] Built target Planes-static_autogen
[  3%] Built target Pulsars-static_autogen
[  3%] Built target PointerCoordinates-static_autogen
[  3%] Built target TelescopeControl_common_autogen
[  3%] Built target Scenery3d-static_autogen
[  5%] Built target indiclient_autogen
[  5%] Built target Supernovae-static_autogen
[  5%] Built target RemoteControl-static_autogen
[  5%] Built target RemoteSync-static_autogen
[  5%] Built target Satellites-static_autogen
[  5%] Built target TextUserInterface-static_autogen
[  5%] Built target nlopt_autogen_timestamp_deps
[  5%] Built target SolarSystemEditor-static_autogen
[  5%] Built target NebulaTextures-static_autogen
[  7%] Built target glues_stel
[  7%] Built target SkyCultureMaker-static_autogen
[  7%] Built target qtcompress_stel
[  8%] Built target TimeNavigator-static
[  8%] Built target AngleMeasure-static
[ 10%] Built target EquationOfTime-static
[ 12%] Built target ArchaeoLines-static
[ 12%] Built target Exoplanets-static
[ 14%] Built target MosaicCamera-static
[ 15%] Built target MeteorShowers-static
[ 15%] Built target NavStars-static
[ 17%] Built target Novae-static
[ 19%] Built target Observability-static
[ 24%] Built target QXlsx
[ 26%] Built target Oculars-static
[ 28%] Built target Planes-static
[ 29%] Built target PointerCoordinates-static
[ 29%] Built target OnlineQueries-static
[ 35%] Built target Calendars-static
[ 36%] Built target Quasars-static
[ 36%] Built target Pulsars-static
[ 38%] Built target Supernovae-static
[ 40%] Built target RemoteSync-static
[ 43%] Built target RemoteControl-static
[ 47%] Built target Satellites-static
[ 47%] Built target TelescopeControl_common
[ 49%] Built target Scenery3d-static
[ 49%] Built target nlopt_autogen
[ 50%] Built target TextUserInterface-static
[ 52%] Built target indiclient
[ 52%] Built target TelescopeControl_Lx200_autogen_timestamp_deps
[ 52%] Built target TelescopeControl_NexStar_autogen_timestamp_deps
[ 54%] Built target NebulaTextures-static
[ 54%] Built target TelescopeControl_Rts2_autogen_timestamp_deps
[ 54%] Built target TelescopeControl_INDI_autogen_timestamp_deps
[ 56%] Built target SolarSystemEditor-static
[ 56%] Built target TelescopeControl_Lx200_autogen
[ 56%] Built target TelescopeControl_NexStar_autogen
[ 61%] Built target nlopt
[ 63%] Built target SkyCultureMaker-static
[ 63%] Built target TelescopeControl_INDI_autogen
[ 63%] Built target TelescopeControl_Rts2_autogen
[ 63%] Built target LensDistortionEstimator-static_autogen_timestamp_deps
[ 64%] Built target TelescopeControl_Lx200
[ 64%] Built target TelescopeControl_NexStar
[ 66%] Built target TelescopeControl_Rts2
[ 66%] Built target TelescopeControl_INDI
[ 66%] Built target LensDistortionEstimator-static_autogen
[ 66%] Built target TelescopeControl_gui_autogen_timestamp_deps
[ 66%] Built target TelescopeControl_gui_autogen
[ 66%] Built target LensDistortionEstimator-static
[ 68%] Built target TelescopeControl_gui
[ 68%] Built target TelescopeControl-static_autogen_timestamp_deps
[ 68%] Built target TelescopeControl-static_autogen
[ 70%] Built target TelescopeControl-static
[ 70%] Built target stelMain_autogen_timestamp_deps
[ 70%] Automatic MOC and UIC for target stelMain
[ 70%] Built target stelMain_autogen
[ 71%] Building CXX object src/CMakeFiles/stelMain.dir/core/StelMovementMgr.cpp.o
[ 71%] Linking CXX static library libstelMain.a
[ 94%] Built target stelMain
[ 94%] Built target stelQuickUI_autogen_timestamp_deps
[ 94%] Built target stelQuickUI_autogen
[ 94%] Generating meta_types/qt6stelquickui_metatypes.json
[ 94%] Generating meta_types/qt6stelquickui_metatypes.json
[ 94%] Linking CXX executable stelQuickUI.app/Contents/MacOS/stelQuickUI
ld: warning: building for macOS-12.0, but linking with dylib '/opt/homebrew/opt/vulkan-loader/lib/libvulkan.1.dylib' which was built for newer version 27.0
ld: warning: building for macOS-12.0, but linking with dylib '/opt/homebrew/opt/md4c/lib/libmd4c-html.0.dylib' which was built for newer version 26.0
ld: warning: building for macOS-12.0, but linking with dylib '/opt/homebrew/opt/md4c/lib/libmd4c.0.dylib' which was built for newer version 26.0
ld: warning: building for macOS-12.0, but linking with dylib '/opt/homebrew/opt/qtwebengine/lib/QtWebEngineWidgets.framework/Versions/A/QtWebEngineWidgets' which was built for newer version 14.0
ld: warning: building for macOS-12.0, but linking with dylib '/opt/homebrew/opt/qtwebengine/lib/QtWebEngineCore.framework/Versions/A/QtWebEngineCore' which was built for newer version 14.0
ld: warning: building for macOS-12.0, but linking with dylib '/opt/homebrew/opt/qtwebchannel/lib/QtWebChannel.framework/Versions/A/QtWebChannel' which was built for newer version 27.0
ld: warning: building for macOS-12.0, but linking with dylib '/opt/homebrew/opt/qtbase/lib/QtPrintSupport.framework/Versions/A/QtPrintSupport' which was built for newer version 14.0
ld: warning: building for macOS-12.0, but linking with dylib '/opt/homebrew/opt/qtdeclarative/lib/QtQuick.framework/Versions/A/QtQuick' which was built for newer version 26.0
ld: warning: building for macOS-12.0, but linking with dylib '/opt/homebrew/opt/qtdeclarative/lib/QtQml.framework/Versions/A/QtQml' which was built for newer version 26.0
ld: warning: building for macOS-12.0, but linking with dylib '/opt/homebrew/opt/qtcharts/lib/QtCharts.framework/Versions/A/QtCharts' which was built for newer version 27.0
ld: warning: building for macOS-12.0, but linking with dylib '/opt/homebrew/opt/qtbase/lib/QtOpenGLWidgets.framework/Versions/A/QtOpenGLWidgets' which was built for newer version 14.0
ld: warning: building for macOS-12.0, but linking with dylib '/opt/homebrew/opt/qtbase/lib/QtOpenGL.framework/Versions/A/QtOpenGL' which was built for newer version 14.0
ld: warning: building for macOS-12.0, but linking with dylib '/opt/homebrew/opt/qtpositioning/lib/QtPositioning.framework/Versions/A/QtPositioning' which was built for newer version 27.0
ld: warning: building for macOS-12.0, but linking with dylib '/opt/homebrew/opt/qtsvg/lib/QtSvgWidgets.framework/Versions/A/QtSvgWidgets' which was built for newer version 26.0
ld: warning: building for macOS-12.0, but linking with dylib '/opt/homebrew/opt/qtsvg/lib/QtSvg.framework/Versions/A/QtSvg' which was built for newer version 26.0
ld: warning: building for macOS-12.0, but linking with dylib '/opt/homebrew/opt/qtmultimedia/lib/QtMultimediaWidgets.framework/Versions/A/QtMultimediaWidgets' which was built for newer version 26.0
ld: warning: building for macOS-12.0, but linking with dylib '/opt/homebrew/opt/qtbase/lib/QtWidgets.framework/Versions/A/QtWidgets' which was built for newer version 14.0
ld: warning: building for macOS-12.0, but linking with dylib '/opt/homebrew/opt/qtspeech/lib/QtTextToSpeech.framework/Versions/A/QtTextToSpeech' which was built for newer version 27.0
ld: warning: building for macOS-12.0, but linking with dylib '/opt/homebrew/opt/qtmultimedia/lib/QtMultimedia.framework/Versions/A/QtMultimedia' which was built for newer version 26.0
ld: warning: building for macOS-12.0, but linking with dylib '/opt/homebrew/opt/qtbase/lib/QtNetwork.framework/Versions/A/QtNetwork' which was built for newer version 14.0
ld: warning: building for macOS-12.0, but linking with dylib '/opt/homebrew/opt/qtbase/lib/QtConcurrent.framework/Versions/A/QtConcurrent' which was built for newer version 14.0
ld: warning: building for macOS-12.0, but linking with dylib '/opt/homebrew/opt/qtserialport/lib/QtSerialPort.framework/Versions/A/QtSerialPort' which was built for newer version 27.0
ld: warning: building for macOS-12.0, but linking with dylib '/opt/homebrew/opt/qtbase/lib/QtGui.framework/Versions/A/QtGui' which was built for newer version 14.0
ld: warning: building for macOS-12.0, but linking with dylib '/opt/homebrew/opt/qtbase/lib/QtDBus.framework/Versions/A/QtDBus' which was built for newer version 14.0
ld: warning: building for macOS-12.0, but linking with dylib '/opt/homebrew/opt/qtbase/lib/QtCore.framework/Versions/A/QtCore' which was built for newer version 14.0
[100%] Built target stelQuickUI
