[pull] 2026-09-29T16:27:55.6307908+08:00
before=ccd0cde
git : From https://github.com/ztuqfvy/stellarium-vulkan
所在位置 E:\Qt_demo\stellarium-vulkan\tools\windows\wt30-pull.ps1:7 字符: 1
+ git fetch origin main *>&1 | Out-File -Encoding utf8 -Append $log
+ ~~~~~~~~~~~~~~~~~~~~~~~~~~
    + CategoryInfo          : NotSpecified: (From https://gi...ellarium-vulkan:String) [], RemoteException
    + FullyQualifiedErrorId : NativeCommandError
 
 * branch            main       -> FETCH_HEAD
fetch_rc=0
Already up to date.
merge_rc=0
after=ccd0cde
--- status ---
 D atmosphere
 D landscapes
 D models
 D nebulae
 D plugins
 D po
 D scenery3d
 D scripts
 D skycultures
 D stars
 D textures
 D util
[ok]
