[     0.120][INFO] StelFileMgr found install location "."
[     0.121][INFO]  -------------------------------------------------------------------------------
[     0.121][INFO] [ This is Stellarium 26.1+ (v26.1.265-e0966d2 [main]) - https://stellarium.org/ ]
[     0.121][INFO] [ Copyright (C) 2000-2026 Stellarium Developers                                 ]
[     0.121][INFO]  -------------------------------------------------------------------------------
[     0.121][INFO] 2026-09-22T22:43:29
[     0.121][INFO] Operating System: macOS Golden Gate (27.0)
[     0.121][INFO] Platform: cocoa
[     0.121][INFO] Compiled using AppleClang 21.0.0.21000334
[     0.121][INFO] Qt runtime version: 6.11.2
[     0.121][INFO] Qt compilation version: 6.11.2
[     0.121][INFO] Build ABI: arm64-little_endian-lp64
[     0.121][INFO] Addressing mode: 64-bit
[     0.121][INFO] CPU architecture: arm64
[     0.121][INFO] CPU name: Apple M3
[     0.121][INFO] CPU maximum speed: 2400 MHz
[     0.121][INFO] CPU logical cores: 8
[     0.121][INFO] Total physical memory: 16384 MB
[     0.121][INFO] Model identifier: Mac15,12
[     0.121][INFO] Writing log file to: /Users/ztuqfvy/Library/Application Support/Stellarium/log.txt
[     0.121][INFO] File search paths:
[     0.121][INFO]  [0]: /Users/ztuqfvy/Library/Application Support/Stellarium
[     0.121][INFO]  [1]: .
[     0.123][INFO] Config file: /Users/ztuqfvy/Library/Application Support/Stellarium/config.ini
[     0.123][DBG ] Default surface format:  QSurfaceFormat(version 2.0, options QFlags<QSurfaceFormat::FormatOption>(), depthBufferSize -1, redBufferSize -1, greenBufferSize -1, blueBufferSize -1, alphaBufferSize -1, stencilBufferSize -1, samples -1, swapBehavior QSurfaceFormat::DefaultSwapBehavior, swapInterval 1, colorSpace QColorSpace(), profile  QSurfaceFormat::NoProfile)
[     0.123][INFO] OpenGL module type: desktop OpenGL
[     0.123][INFO] System language (ISO 639 / ISO 3166): zh_CN
[     0.144][DBG ] Default surface format:  QSurfaceFormat(version 3.3, options QFlags<QSurfaceFormat::FormatOption>(), depthBufferSize 24, redBufferSize 8, greenBufferSize 8, blueBufferSize 8, alphaBufferSize -1, stencilBufferSize 8, samples -1, swapBehavior QSurfaceFormat::DefaultSwapBehavior, swapInterval 0, colorSpace QColorSpace(), profile  QSurfaceFormat::CoreProfile)
[     0.144][INFO] OpenGL module type: desktop OpenGL
[     0.164][DBG ] StelGLWidget constructor
[     0.164][DBG ] StelGraphicsScene constructor
[     0.252][DBG ] initializeGL(windowWidth = 1280, windowHeight = 720)
[     0.252][INFO] OpenGL supported version:  "4.1 Metal - 91.7"
[     0.252][INFO] Current Format:  QSurfaceFormat(version 4.1, options QFlags<QSurfaceFormat::FormatOption>(), depthBufferSize 32, redBufferSize 8, greenBufferSize 8, blueBufferSize 8, alphaBufferSize -1, stencilBufferSize 8, samples 0, swapBehavior QSurfaceFormat::DoubleBuffer, swapInterval 0, colorSpace QColorSpace(), profile  QSurfaceFormat::CoreProfile)
[     0.252][INFO] Initializing StelMainView
[     0.252][INFO] Luminance textures are not supported
[     0.275][INFO] Running in High Graphics Mode
[     0.275][INFO] Maximum texture anisotropy: 16
[     0.275][INFO] Maximum 2D texture size: 16384
[     0.275][INFO] Driver version string: 4.1 Metal - 91.7
[     0.275][INFO] GL vendor: Apple
[     0.275][INFO] GL renderer: Apple M3
[     0.275][INFO] GL Shading Language version: 4.10
[     0.275][INFO] Vertex Array Objects are supported
[     0.275][INFO] Initial high-DPI scaling factor: 2
[     0.362][WARN] Populating font family aliases took 87 ms. Replace uses of missing font family "Noto Sans" with one that exists to avoid this cost. 
[     1.445][INFO] Application language: zh_CN
[     1.445][INFO] Sky language: zh_CN
[     1.445][INFO] Planetary features language: zh_CN
[     1.445][INFO] Scripts language: zh_CN
[     1.445][INFO] Sky culture description language: zh_CN
[     1.489][INFO] Cache directory: /Users/ztuqfvy/Library/Caches/stellarium/stellarium
[     1.533][INFO] Loaded 252 countries
[     1.533][INFO] Loaded 193 regions
[     1.609][INFO] Loading Solar System data (1: planets and moons) ...
[     1.609][INFO] Loading from: ./data/ssystem_major.ini
[     1.626][INFO] Loaded 83 Solar System bodies from  ./data/ssystem_major.ini
[     1.626][INFO] Solar System now has 83 entries.
[     1.626][INFO] Loading Solar System data (2: minor bodies) ...
[     1.627][INFO] Loading from: /Users/ztuqfvy/Library/Application Support/Stellarium/data/ssystem_minor.ini
[     1.647][WARN] Minor body  (152637) has incomplete data (missing iau_designation or minor_planet_number) in /Users/ztuqfvy/Library/Application Support/Stellarium/data/ssystem_minor.ini section 152637(152637)
[     1.647][WARN] Minor body  (66146) has incomplete data (missing iau_designation or minor_planet_number) in /Users/ztuqfvy/Library/Application Support/Stellarium/data/ssystem_minor.ini section 66146(66146)
[     1.654][WARN] minor body  "(66146)" has no IAU code in section  "66146(66146)"
[     1.668][WARN] minor body  "(152637)" has no IAU code in section  "152637(152637)"
[     1.672][INFO] Loaded 477 Solar System bodies from  /Users/ztuqfvy/Library/Application Support/Stellarium/data/ssystem_minor.ini
[     1.672][INFO] Solar System now has 560 entries.
[     1.672][INFO] File ssystem_minor.ini is loaded successfully...
[     1.677][INFO] ExtendedElements: loaded epoch tables for 4 asteroids from "./data/asteroid_elements.json" ( 0 not matched in ssystem_minor.ini)
[     1.677][INFO] SolarSystem: We have configured 0 threads (plus main thread) for computePositions().
[     1.680][INFO] libpng warning: iCCP: profile 'ICC profile': 'RGB ': RGB color space not permitted on grayscale PNG
[     1.688][INFO] Loading nomenclature for Solar system bodies ...
[     1.781][INFO] Loaded 16058 / 16094 items of planetary surface nomenclature
[     1.781][INFO] Cannot find these planetary objects to assign nomenclature items: Arrokoth, Dactyl, Didymos, Dimorphos, Dinkinesh, Donaldjohanson
[     1.785][INFO] Loading star data ...
[     1.785][INFO] Loading star catalog: ./stars/hip_gaia3/stars_0_0v0_21.cat - 0_0v0_21; 5046 entries
[     1.785][INFO] Loading star catalog: ./stars/hip_gaia3/stars_1_0v0_16.cat - 1_0v0_16; 21612 entries
[     1.785][INFO] Loading star catalog: ./stars/hip_gaia3/stars_2_0v0_17.cat - 2_0v0_17; 141738 entries
[     1.785][INFO] Loading star catalog: ./stars/hip_gaia3/stars_3_0v0_10.cat - 3_0v0_10; 418129 entries
[     1.789][INFO] Finished loading star catalogue data, max_geodesic_level: 3
[     1.790][INFO] Loading scientific star designations from ./stars/hip_gaia3/name.fab
[     1.792][INFO] Loaded 5060 / 5060 scientific designations
[     1.792][INFO] Loading scientific star designations from ./stars/hip_gaia3/extra_name.fab
[     1.802][INFO] Loaded 26200 / 26200 scientific designations
[     1.802][INFO] Loading variable stars data from ./stars/hip_gaia3/gcvs.cat
[     1.806][INFO] [...] GCVS 5.1-20250615
[     1.897][INFO] Loaded 47323 / 47323 variable stars
[     1.897][INFO] Loading double stars from ./stars/hip_gaia3/wds_hip_part.dat
[     1.916][INFO] Loaded 22992 / 22992 double stars
[     1.917][INFO] Loading cross-identification data from ./stars/hip_gaia3/cross-id.cat
[     2.134][INFO] Loaded 327097 / 327097 cross-identification data records for stars
[     2.134][INFO] Loading orbital parameters data for binary system from ./stars/hip_gaia3/binary_orbitparam.dat
[     2.135][INFO] Loaded 15 / 15 orbital parameters data for binary system
[     2.171][INFO] Lists of stars: 118205 HIP stars, 22992 are binaries, 6572 variable (600 Algol-type, 209 Cepheids), 316 Carbon stars, 159 Barium stars, and 220 have PM>1000mas/yr.
[     2.179][INFO] navigation/preset_sky_time is a double - treating as jday: 2451514.25001
[     2.205][INFO] Loading DSO data ...
[     2.221][INFO] [...] Stellarium DSO Catalog, version 3.23 (standard edition)
[     2.353][INFO] Loaded 94899 DSO records
[     2.354][INFO] Loading DSO name data ...
[     2.455][INFO] libpng warning: iCCP: profile 'icc': 'GRAY': Gray color space not permitted on RGB PNG
[     2.488][INFO] Loaded 1361 / 1388 DSO name records successfully
[     2.488][WARN] No position data for 27 objects: PGC 2798, PGC 2907, PGC 23521, PGC 28759, PGC 29167, PGC 34658, PGC 42102, PGC 44750, PGC 54559, PGC 59117, PGC 59858, PGC 59953, PGC 69018, PGC 69877, PGC 73957, PGC 95597, PGC 100170, PGC 100170, PGC 119230, PGC 1000714, PGC 1436754, PGC 1694462, PGC 2822840, PGC 2826829, PGC 3098124, SNRG 194.7+00.4, SNRG 201.1+08.3
[     2.488][INFO] Loading DSO outline data ...
[     2.491][INFO] Loaded 100 DSO outline records successfully
[     2.491][INFO] Loading DSO discovery data ...
[     2.492][INFO] Loaded 183 / 183 DSO discovery records successfully
[     2.783][INFO] LandscapeMgr: initialized Cache for 100 MB.
[     2.926][INFO] Loading star names from ./skycultures/common_star_names.fab
[     2.926][INFO] Loaded 411 / 411 common star names
[     2.943][INFO] Loaded 88 / 88 constellation records successfully for culture modern
[     2.943][DBG ] Cultural Sky Partition: Loaded partitions: QList(12, 3, 2, 5) 12 names,  12 symbols. 0 link stars.  ""
[     2.943][INFO] Loading constellation boundary data ... 
[     2.944][INFO] Loaded 781 constellation boundary segments
[     2.953][WARN] Possible error in asterism "TA4": can't find star Gaia DR3 1233876351043694464... skipping asterism, please install more star catalogs
[     2.953][WARN] Possible error in asterism "TA6": can't find star Gaia DR3 2569872520258433152... skipping asterism, please install more star catalogs
[     2.953][WARN] Possible error in asterism "TA9": can't find star Gaia DR3 3530241707454156544... skipping asterism, please install more star catalogs
[     2.953][WARN] Possible error in asterism "TA12": can't find star Gaia DR3 4472807013960674944... skipping asterism, please install more star catalogs
[     2.953][INFO] Loaded 88 / 92 asterism records successfully for culture modern
[     3.176][INFO] Initializing basic GL shaders... 
[     3.179][INFO] Creating GUI ...
[     3.390][INFO] Loading style file: :/graphicGui/normalStyle.css
[     3.411][INFO] Loaded plugin "Exoplanets"
[     3.482][INFO] [Exoplanets] Version of the format of the catalog: 1
[     3.485][INFO] [Exoplanets] loading catalog file: /Users/ztuqfvy/Library/Application Support/Stellarium/modules/Exoplanets/exoplanets.json
[     4.126][INFO] Loaded plugin "MeteorShowers"
[     4.139][INFO] [MeteorShowersMgr] Loading catalog file: /Users/ztuqfvy/Library/Application Support/Stellarium/modules/MeteorShowers/MeteorShowers.json
[     4.140][INFO] [MeteorShowersMgr] Version of the format of the catalog: 2
[     4.143][INFO] Loaded plugin "Novae"
[     4.144][INFO] [Novae] version of the catalog: 1
[     4.144][INFO] [Novae] Loading catalog file: /Users/ztuqfvy/Library/Application Support/Stellarium/modules/Novae/novae.json
[     4.152][INFO] Loaded plugin "Oculars"
[     4.152][INFO] Oculars::validateAndLoadIniFile() ocular.ini exists at: /Users/ztuqfvy/Library/Application Support/Stellarium/modules/Oculars/ocular.ini . Checking version...
[     4.153][INFO] Oculars::validateAndLoadIniFile() found existing ini file version 3.1
[     4.249][INFO] Loaded plugin "Satellites"
[     4.514][INFO] [Satellites] loading catalogue file: /Users/ztuqfvy/Library/Application Support/Stellarium/modules/Satellites/satellites.json
[     4.757][INFO] Loaded plugin "SolarSystemEditor"
[     4.761][INFO] Using the ssystem_minor.ini file that already exists in the user directory...
[     5.684][INFO] Loaded 895910 discovery circumstances records for minor planets...
[     5.687][WARN] SSE: Comet cross-index data: Overwriting entry for "453P"
[     5.687][WARN] SSE: Comet cross-index data: Overwriting entry for "467P"
[     5.687][WARN] SSE: Comet cross-index data: Overwriting entry for "465P"
[     5.687][WARN] SSE: Comet cross-index data: Overwriting entry for "466P"
[     5.687][WARN] SSE: Comet cross-index data: Overwriting entry for "468P"
[     5.687][WARN] SSE: Comet cross-index data: Overwriting entry for "470P"
[     5.687][WARN] SSE: Comet cross-index data: Overwriting entry for "472P"
[     5.687][WARN] SSE: Comet cross-index data: Overwriting entry for "475P"
[     5.687][WARN] SSE: Comet cross-index data: Overwriting entry for "477P"
[     5.687][WARN] SSE: Comet cross-index data: Overwriting entry for "473P"
[     5.687][WARN] SSE: Comet cross-index data: Overwriting entry for "476P"
[     5.687][WARN] SSE: Comet cross-index data: Overwriting entry for "479P"
[     5.687][WARN] SSE: Comet cross-index data: Overwriting entry for "480P"
[     5.687][WARN] SSE: Comet cross-index data: Overwriting entry for "481P"
[     5.687][INFO] Loaded 2570 discovery circumstances records for comets...
[     5.700][INFO] OpenGL viewport size: 2560 x 1440
[     5.700][INFO] Creating scene FBO with size 2560x1440
[     5.787][DBG ] Changing high-DPI scaling factor from 2 to 1
STELT9: 预热 900 秒开始
[     5.792][DBG ] Changing high-DPI scaling factor from 1 to 2
[     5.844][WARN] Satellite has invalid orbit: "2023-091H" "57173"
[     5.845][WARN] Satellite has invalid orbit: "AEROCUBE 8C" "41853"
[     5.845][WARN] Satellite has invalid orbit: "AEROCUBE 8D" "41852"
[     5.845][WARN] Satellite has invalid orbit: "ALTAIR (RS65S)" "61779"
[     5.848][WARN] Satellite has invalid orbit: "ASRTU-1 (AO-123)" "61781"
[     5.849][WARN] Satellite has invalid orbit: "ASNARO" "40298"
[     5.850][WARN] Satellite has invalid orbit: "BLUEWALKER-3" "53807"
[     5.850][WARN] Satellite has invalid orbit: "BIRKELAND" "55015"
[     5.850][WARN] Satellite has invalid orbit: "CONNECTA IOT-2" "60522"
[     5.851][WARN] Satellite has invalid orbit: "COSMOS 1953" "19210"
[     5.851][WARN] Satellite has invalid orbit: "COSMOS 1975" "19573"
[     5.852][WARN] Satellite has invalid orbit: "CREW DRAGON 12" "67796"
[     5.852][WARN] Satellite has invalid orbit: "CUBEBEL 2 (EU11S)" "57175"
[     5.852][WARN] Satellite has invalid orbit: "CUBESX-HSE 3 (RS42S)" "57178"
[     5.852][WARN] Satellite has invalid orbit: "CURIUM ONE" "60242"
[     5.852][WARN] Satellite has invalid orbit: "CYGNUS NG-24" "68689"
[     5.852][WARN] Satellite has invalid orbit: "CZ-4B R/B" "28415"
[     5.852][WARN] Satellite has invalid orbit: "DONGPO 08" "54686"
[     5.853][WARN] Satellite has invalid orbit: "DTUSAT-2" "40030"
[     5.857][WARN] Satellite has invalid orbit: "FLORIPASAT-1" "44885"
[     5.857][WARN] Satellite has invalid orbit: "FOX-1CLIFF (AO-95)" "43770"
[     5.857][WARN] Satellite has invalid orbit: "FREGAT DEB" "49271"
[     5.857][WARN] Satellite has invalid orbit: "FUNCUBE-1 (AO-73)" "39444"
[     5.858][WARN] Satellite has invalid orbit: "GEISAT PRECURSOR" "56934"
[     5.858][WARN] Satellite has invalid orbit: "GEOSCAN 6 (RS92S6)" "64879"
[     5.859][WARN] Satellite has invalid orbit: "GLOBAL-19" "55982"
[     5.859][WARN] Satellite has invalid orbit: "GPM-CORE" "39574"
[     5.859][WARN] Satellite has invalid orbit: "HAWK-2A" "47505"
[     5.859][WARN] Satellite has invalid orbit: "HAWK-2B" "47508"
[     5.859][WARN] Satellite has invalid orbit: "HAWK-2C" "47502"
[     5.859][WARN] Satellite has invalid orbit: "HAWK-6B" "55324"
[     5.859][WARN] Satellite has invalid orbit: "HAWK-7B" "56193"
[     5.859][WARN] Satellite has invalid orbit: "HAWK-A" "43765"
[     5.859][WARN] Satellite has invalid orbit: "HAWK-C" "43799"
[     5.860][WARN] Satellite has invalid orbit: "HST" "20580"
[     5.860][WARN] Satellite has invalid orbit: "HORS 1" "57188"
[     5.860][WARN] Satellite has invalid orbit: "HORS 2" "57196"
[     5.861][WARN] Satellite has invalid orbit: "ICESAT-2" "43613"
[     5.861][WARN] Satellite has invalid orbit: "IGS 6" "37813"
[     5.861][WARN] Satellite has invalid orbit: "HUYGENS" "55093"
[     5.863][WARN] Satellite has invalid orbit: "ION SCV-008" "55051"
[     5.864][WARN] Satellite has invalid orbit: "INNOSAT 16 (RS92S7)" "64878"
[     5.860][WARN] Satellite has invalid orbit: "HJ-2E" "54035"
[     5.864][WARN] Satellite has invalid orbit: "HIBARI" "49400"
[     5.865][WARN] Satellite has invalid orbit: "ITASAT" "43786"
[     5.865][WARN] Satellite has invalid orbit: "IXPE" "49954"
[     5.865][WARN] Satellite has invalid orbit: "JILIN-1 06" "43024"
[     5.865][WARN] Satellite has invalid orbit: "JILIN-1 07" "43159"
[     5.865][WARN] Satellite has invalid orbit: "JILIN-1 08" "43160"
[     5.865][WARN] Satellite has invalid orbit: "JILIN-1 GAOFEN 03D48" "54695"
[     5.865][WARN] Satellite has invalid orbit: "JILIN-1 GAOFEN 3A" "44312"
[     5.866][WARN] Satellite has invalid orbit: "ISS (NAUKA)" "49044"
[     5.866][WARN] Satellite has invalid orbit: "ISS (ZARYA)" "25544"
[     5.864][WARN] Satellite has invalid orbit: "HJ-2F" "57519"
[     5.866][WARN] Satellite has invalid orbit: "KOSEN-1" "49402"
[     5.866][WARN] Satellite has invalid orbit: "KSM1-A" "46912"
[     5.866][WARN] Satellite has invalid orbit: "KSM1-B" "46914"
[     5.866][WARN] Satellite has invalid orbit: "KSM1-C" "46906"
[     5.866][WARN] Satellite has invalid orbit: "KSM1-D" "46907"
[     5.868][WARN] Satellite has invalid orbit: "MONITOR-3 (RS58S)" "57180"
[     5.868][WARN] Satellite has invalid orbit: "MONITOR-4 (RS57S)" "57182"
[     5.869][WARN] Satellite has invalid orbit: "NORSAT 2" "42828"
[     5.869][WARN] Satellite has invalid orbit: "NUSTAR" "38358"
[     5.870][WARN] Satellite has invalid orbit: "ONEWEB-0238" "48784"
[     5.870][WARN] Satellite has invalid orbit: "OTP-2" "63235"
[     5.870][WARN] Satellite has invalid orbit: "Optsat 3000" "42900"
[     5.871][WARN] Satellite has invalid orbit: "PARS 1" "59065"
[     5.871][WARN] Satellite has invalid orbit: "SALSAT" "46495"
[     5.871][WARN] Satellite has invalid orbit: "SAR Lupe 1" "29658"
[     5.871][WARN] Satellite has invalid orbit: "POISK" "36086"
[     5.871][WARN] Satellite has invalid orbit: "POPACS 3" "39270"
[     5.871][WARN] Satellite has invalid orbit: "PROGRESS-MS 34" "68837"
[     5.871][WARN] Satellite has invalid orbit: "PROGRESS-MS 35" "100712"
[     5.871][WARN] Satellite has invalid orbit: "PROX-1" "44339"
[     5.871][WARN] Satellite has invalid orbit: "QB50P1" "40025"
[     5.871][WARN] Satellite has invalid orbit: "QB50P2" "40032"
[     5.873][WARN] Satellite has invalid orbit: "R2" "46913"
[     5.873][WARN] Satellite has invalid orbit: "RADFXSAT (FOX-1B)" "43017"
[     5.873][WARN] Satellite has invalid orbit: "SHIJIAN-6 03A (SJ-6 03A)" "33408"
[     5.874][WARN] Satellite has invalid orbit: "SITRO-AIS 6 (CHIRKIN)" "57192"
[     5.874][WARN] Satellite has invalid orbit: "SITRO-AIS 7 (FARTUSHNIY)" "57194"
[     5.874][WARN] Satellite has invalid orbit: "SJ-7" "28737"
[     5.875][WARN] Satellite has invalid orbit: "SEAHAWK-1" "43820"
[     5.875][WARN] Satellite has invalid orbit: "SHIJIAN-6 02A (SJ-6 02A)" "29505"
[     5.875][WARN] Satellite has invalid orbit: "SNUSAT-2" "43782"
[     5.875][WARN] Satellite has invalid orbit: "SOYUZ-MS 29" "100057"
[     5.875][WARN] Satellite has invalid orbit: "SKYSAT-C7" "42991"
[     5.875][WARN] Satellite has invalid orbit: "STARLINK-11072 [DTC]" "58705"
[     5.876][WARN] Satellite has invalid orbit: "STARLINK-11084 [DTC]" "59717"
[     5.876][WARN] Satellite has invalid orbit: "STARLINK-11088 [DTC]" "59709"
[     5.876][WARN] Satellite has invalid orbit: "STARLINK-11094 [DTC]" "59714"
[     5.876][WARN] Satellite has invalid orbit: "STARLINK-11110 [DTC]" "59762"
[     5.876][WARN] Satellite has invalid orbit: "STARLINK-11144 [DTC]" "59955"
[     5.876][WARN] Satellite has invalid orbit: "STARLINK-11155 [DTC]" "60046"
[     5.876][WARN] Satellite has invalid orbit: "STARLINK-11166 [DTC]" "60062"
[     5.876][WARN] Satellite has invalid orbit: "STARLINK-11168 [DTC]" "60183"
[     5.876][WARN] Satellite has invalid orbit: "STARLINK-11180 [DTC]" "60185"
[     5.876][WARN] Satellite has invalid orbit: "STARLINK-11192 [DTC]" "60308"
[     5.876][WARN] Satellite has invalid orbit: "STARLINK-11194 [DTC]" "60187"
[     5.876][WARN] Satellite has invalid orbit: "STARLINK-11201 [DTC]" "60113"
[     5.876][WARN] Satellite has invalid orbit: "STARLINK-11210 [DTC]" "60116"
[     5.876][WARN] Satellite has invalid orbit: "STARLINK-11241 [DTC]" "60936"
[     5.876][WARN] Satellite has invalid orbit: "STARLINK-11250 [DTC]" "60910"
[     5.876][WARN] Satellite has invalid orbit: "STARLINK-11260 [DTC]" "60997"
[     5.876][WARN] Satellite has invalid orbit: "STARLINK-11261 [DTC]" "60724"
[     5.876][WARN] Satellite has invalid orbit: "STARLINK-11268 [DTC]" "61055"
[     5.876][WARN] Satellite has invalid orbit: "STARLINK-11271 [DTC]" "60915"
[     5.876][WARN] Satellite has invalid orbit: "STARLINK-11274 [DTC]" "61001"
[     5.876][WARN] Satellite has invalid orbit: "STARLINK-11307 [DTC]" "61210"
[     5.876][WARN] Satellite has invalid orbit: "STARLINK-11316 [DTC]" "61875"
[     5.876][WARN] Satellite has invalid orbit: "STARLINK-11317 [DTC]" "61248"
[     5.876][WARN] Satellite has invalid orbit: "STARLINK-11321 [DTC]" "61877"
[     5.876][WARN] Satellite has invalid orbit: "STARLINK-11340 [DTC]" "61690"
[     5.876][WARN] Satellite has invalid orbit: "STARLINK-11368 [DTC]" "61583"
[     5.876][WARN] Satellite has invalid orbit: "STARLINK-11370 [DTC]" "61584"
[     5.876][WARN] Satellite has invalid orbit: "STARLINK-1558" "46035"
[     5.876][WARN] Satellite has invalid orbit: "STARLINK-1564" "46058"
[     5.876][WARN] Satellite has invalid orbit: "STARLINK-1583" "46064"
[     5.876][WARN] Satellite has invalid orbit: "STARLINK-2092" "47373"
[     5.876][WARN] Satellite has invalid orbit: "STARLINK-2121" "47399"
[     5.876][WARN] Satellite has invalid orbit: "STARLINK-2143" "47733"
[     5.876][WARN] Satellite has invalid orbit: "STARLINK-2145" "48555"
[     5.877][WARN] Satellite has invalid orbit: "STARLINK-2221" "48571"
[     5.877][WARN] Satellite has invalid orbit: "STARLINK-2226" "48010"
[     5.877][WARN] Satellite has invalid orbit: "STARLINK-2228" "48576"
[     5.877][WARN] Satellite has invalid orbit: "STARLINK-2232" "48578"
[     5.877][WARN] Satellite has invalid orbit: "STARLINK-2280" "47861"
[     5.877][WARN] Satellite has invalid orbit: "STARLINK-2315" "47789"
[     5.877][WARN] Satellite has invalid orbit: "STARLINK-2329" "47873"
[     5.877][WARN] Satellite has invalid orbit: "STARLINK-2334" "47792"
[     5.877][WARN] Satellite has invalid orbit: "STARLINK-2389" "47808"
[     5.877][WARN] Satellite has invalid orbit: "STARLINK-2402" "47819"
[     5.877][WARN] Satellite has invalid orbit: "STARLINK-2408" "47823"
[     5.877][WARN] Satellite has invalid orbit: "STARLINK-2414" "48095"
[     5.877][WARN] Satellite has invalid orbit: "STARLINK-2423" "47833"
[     5.877][WARN] Satellite has invalid orbit: "STARLINK-2436" "48101"
[     5.877][WARN] Satellite has invalid orbit: "STARLINK-2439" "48104"
[     5.877][WARN] Satellite has invalid orbit: "STARLINK-2459" "48119"
[     5.877][WARN] Satellite has invalid orbit: "STARLINK-2471" "48129"
[     5.877][WARN] Satellite has invalid orbit: "STARLINK-2475" "48133"
[     5.877][WARN] Satellite has invalid orbit: "STARLINK-2482" "48139"
[     5.877][WARN] Satellite has invalid orbit: "STARLINK-2493" "48150"
[     5.877][WARN] Satellite has invalid orbit: "STARLINK-2494" "48487"
[     5.877][WARN] Satellite has invalid orbit: "STARLINK-2500" "48485"
[     5.877][WARN] Satellite has invalid orbit: "STARLINK-2509" "48318"
[     5.877][WARN] Satellite has invalid orbit: "STARLINK-2512" "48319"
[     5.877][WARN] Satellite has invalid orbit: "STARLINK-2521" "48648"
[     5.877][WARN] Satellite has invalid orbit: "STARLINK-2531" "48483"
[     5.877][WARN] Satellite has invalid orbit: "STARLINK-2538" "48300"
[     5.877][WARN] Satellite has invalid orbit: "STARLINK-2565" "48280"
[     5.877][WARN] Satellite has invalid orbit: "STARLINK-2578" "48362"
[     5.877][WARN] Satellite has invalid orbit: "STARLINK-2637" "48356"
[     5.877][WARN] Satellite has invalid orbit: "STARLINK-2642" "48437"
[     5.876][WARN] Satellite has invalid orbit: "STARLINK-11112 [DTC]" "60115"
[     5.877][WARN] Satellite has invalid orbit: "STARLINK-11116 [DTC]" "60045"
[     5.877][WARN] Satellite has invalid orbit: "STARLINK-11120 [DTC]" "60042"
[     5.877][WARN] Satellite has invalid orbit: "STARLINK-2713" "48602"
[     5.877][WARN] Satellite has invalid orbit: "STARLINK-2714" "48603"
[     5.877][WARN] Satellite has invalid orbit: "STARLINK-2726" "48662"
[     5.877][WARN] Satellite has invalid orbit: "STARLINK-2735" "48667"
[     5.877][WARN] Satellite has invalid orbit: "STARLINK-2750" "48691"
[     5.876][WARN] Satellite has invalid orbit: "STARLINK-11149 [DTC]" "60041"
[     5.877][WARN] Satellite has invalid orbit: "STARLINK-11154 [DTC]" "61059"
[     5.876][WARN] Satellite has invalid orbit: "STARLINK-1506" "45747"
[     5.877][WARN] Satellite has invalid orbit: "STARLINK-30081" "57515"
[     5.877][WARN] Satellite has invalid orbit: "STARLINK-30083" "56295"
[     5.877][WARN] Satellite has invalid orbit: "STARLINK-2675" "48470"
[     5.877][WARN] Satellite has invalid orbit: "STARLINK-2682" "48440"
[     5.877][WARN] Satellite has invalid orbit: "STARLINK-30149" "57516"
[     5.877][WARN] Satellite has invalid orbit: "STARLINK-30111" "56302"
[     5.877][WARN] Satellite has invalid orbit: "STARLINK-30123" "56838"
[     5.877][WARN] Satellite has invalid orbit: "STARLINK-30169" "57499"
[     5.877][WARN] Satellite has invalid orbit: "STARLINK-30176" "57477"
[     5.877][WARN] Satellite has invalid orbit: "STARLINK-30296" "57671"
[     5.877][WARN] Satellite has invalid orbit: "STARLINK-30353" "58113"
[     5.877][WARN] Satellite has invalid orbit: "STARLINK-30391" "57817"
[     5.878][WARN] Satellite has invalid orbit: "STARLINK-30393" "57866"
[     5.878][WARN] Satellite has invalid orbit: "STARLINK-30418" "57829"
[     5.878][WARN] Satellite has invalid orbit: "STARLINK-30439" "57867"
[     5.878][WARN] Satellite has invalid orbit: "STARLINK-3048" "49148"
[     5.878][WARN] Satellite has invalid orbit: "STARLINK-30503" "57975"
[     5.878][WARN] Satellite has invalid orbit: "STARLINK-30493" "58116"
[     5.878][WARN] Satellite has invalid orbit: "STARLINK-30495" "57968"
[     5.878][WARN] Satellite has invalid orbit: "STARLINK-30555" "58040"
[     5.878][WARN] Satellite has invalid orbit: "STARLINK-30573" "58058"
[     5.878][WARN] Satellite has invalid orbit: "STARLINK-30597" "58078"
[     5.878][WARN] Satellite has invalid orbit: "STARLINK-30601" "58117"
[     5.878][WARN] Satellite has invalid orbit: "STARLINK-30771" "58169"
[     5.878][WARN] Satellite has invalid orbit: "STARLINK-30783" "58130"
[     5.878][WARN] Satellite has invalid orbit: "STARLINK-30784" "58156"
[     5.878][WARN] Satellite has invalid orbit: "STARLINK-30796" "58189"
[     5.878][WARN] Satellite has invalid orbit: "STARLINK-30807" "58192"
[     5.878][WARN] Satellite has invalid orbit: "STARLINK-30815" "58164"
[     5.878][WARN] Satellite has invalid orbit: "STARLINK-30818" "58217"
[     5.878][WARN] Satellite has invalid orbit: "STARLINK-30825" "58384"
[     5.877][WARN] Satellite has invalid orbit: "STARLINK-1524" "46047"
[     5.878][WARN] Satellite has invalid orbit: "STARLINK-30882" "58379"
[     5.878][WARN] Satellite has invalid orbit: "STARLINK-30910" "58376"
[     5.878][WARN] Satellite has invalid orbit: "STARLINK-31015" "58521"
[     5.878][WARN] Satellite has invalid orbit: "STARLINK-31025" "58634"
[     5.878][WARN] Satellite has invalid orbit: "STARLINK-31030" "58542"
[     5.878][WARN] Satellite has invalid orbit: "STARLINK-31035" "58532"
[     5.879][WARN] Satellite has invalid orbit: "STARLINK-3107" "49171"
[     5.879][WARN] Satellite has invalid orbit: "STARLINK-31073" "58773"
[     5.879][WARN] Satellite has invalid orbit: "STARLINK-31093" "58717"
[     5.879][WARN] Satellite has invalid orbit: "STARLINK-31099" "58781"
[     5.879][WARN] Satellite has invalid orbit: "STARLINK-31102" "58715"
[     5.879][WARN] Satellite has invalid orbit: "STARLINK-31106" "58689"
[     5.879][WARN] Satellite has invalid orbit: "STARLINK-31112" "58680"
[     5.879][WARN] Satellite has invalid orbit: "STARLINK-31114" "58766"
[     5.879][WARN] Satellite has invalid orbit: "STARLINK-31166" "58789"
[     5.879][WARN] Satellite has invalid orbit: "STARLINK-31178" "59025"
[     5.879][WARN] Satellite has invalid orbit: "STARLINK-31189" "58787"
[     5.879][WARN] Satellite has invalid orbit: "STARLINK-31220" "59039"
[     5.879][WARN] Satellite has invalid orbit: "STARLINK-31226" "58858"
[     5.879][WARN] Satellite has invalid orbit: "STARLINK-31255" "58893"
[     5.879][WARN] Satellite has invalid orbit: "STARLINK-31269" "58844"
[     5.879][WARN] Satellite has invalid orbit: "STARLINK-31273" "58846"
[     5.879][WARN] Satellite has invalid orbit: "STARLINK-31280" "58843"
[     5.879][WARN] Satellite has invalid orbit: "STARLINK-31322" "59168"
[     5.879][WARN] Satellite has invalid orbit: "STARLINK-31350" "58933"
[     5.879][WARN] Satellite has invalid orbit: "STARLINK-31356" "58968"
[     5.879][WARN] Satellite has invalid orbit: "STARLINK-31357" "59502"
[     5.879][WARN] Satellite has invalid orbit: "STARLINK-31358" "58977"
[     5.879][WARN] Satellite has invalid orbit: "STARLINK-3136" "49443"
[     5.879][WARN] Satellite has invalid orbit: "STARLINK-31362" "58935"
[     5.879][WARN] Satellite has invalid orbit: "STARLINK-31449" "58966"
[     5.879][WARN] Satellite has invalid orbit: "STARLINK-31483" "59411"
[     5.879][WARN] Satellite has invalid orbit: "STARLINK-31493" "59329"
[     5.879][WARN] Satellite has invalid orbit: "STARLINK-31496" "59211"
[     5.879][WARN] Satellite has invalid orbit: "STARLINK-31514" "59187"
[     5.879][WARN] Satellite has invalid orbit: "STARLINK-31520" "59210"
[     5.879][WARN] Satellite has invalid orbit: "STARLINK-3154" "49417"
[     5.879][WARN] Satellite has invalid orbit: "STARLINK-31569" "59857"
[     5.879][WARN] Satellite has invalid orbit: "STARLINK-31593" "59350"
[     5.879][WARN] Satellite has invalid orbit: "STARLINK-31595" "59273"
[     5.879][WARN] Satellite has invalid orbit: "STARLINK-31602" "59202"
[     5.879][WARN] Satellite has invalid orbit: "STARLINK-31603" "59201"
[     5.879][WARN] Satellite has invalid orbit: "STARLINK-31610" "59473"
[     5.879][WARN] Satellite has invalid orbit: "STARLINK-3162" "49411"
[     5.879][WARN] Satellite has invalid orbit: "STARLINK-31621" "59465"
[     5.879][WARN] Satellite has invalid orbit: "STARLINK-31627" "59268"
[     5.879][WARN] Satellite has invalid orbit: "STARLINK-31636" "59747"
[     5.879][WARN] Satellite has invalid orbit: "STARLINK-31643" "59388"
[     5.879][WARN] Satellite has invalid orbit: "STARLINK-31644" "59391"
[     5.879][WARN] Satellite has invalid orbit: "STARLINK-31652" "59256"
[     5.879][WARN] Satellite has invalid orbit: "STARLINK-31654" "59858"
[     5.879][WARN] Satellite has invalid orbit: "STARLINK-31658" "59513"
[     5.878][WARN] Satellite has invalid orbit: "STARLINK-30507" "57982"
[     5.879][WARN] Satellite has invalid orbit: "STARLINK-3051" "49157"
[     5.879][WARN] Satellite has invalid orbit: "STARLINK-31696" "59435"
[     5.878][WARN] Satellite has invalid orbit: "STARLINK-30925" "58406"
[     5.879][WARN] Satellite has invalid orbit: "STARLINK-30934" "58395"
[     5.879][WARN] Satellite has invalid orbit: "STARLINK-30943" "58449"
[     5.879][WARN] Satellite has invalid orbit: "STARLINK-31749" "59631"
[     5.880][WARN] Satellite has invalid orbit: "STARLINK-30951" "58439"
[     5.880][WARN] Satellite has invalid orbit: "STARLINK-3177" "51138"
[     5.880][WARN] Satellite has invalid orbit: "STARLINK-31763" "59623"
[     5.879][WARN] Satellite has invalid orbit: "STARLINK-31717" "59385"
[     5.880][WARN] Satellite has invalid orbit: "STARLINK-31788" "60055"
[     5.880][WARN] Satellite has invalid orbit: "STARLINK-31721" "59536"
[     5.880][WARN] Satellite has invalid orbit: "STARLINK-31843" "59722"
[     5.879][WARN] Satellite has invalid orbit: "STARLINK-31665" "59655"
[     5.880][WARN] Satellite has invalid orbit: "STARLINK-31844" "60583"
[     5.880][WARN] Satellite has invalid orbit: "STARLINK-31675" "59548"
[     5.880][WARN] Satellite has invalid orbit: "STARLINK-31869" "60196"
[     5.880][WARN] Satellite has invalid orbit: "STARLINK-31855" "59838"
[     5.879][WARN] Satellite has invalid orbit: "STARLINK-2695" "48644"
[     5.880][WARN] Satellite has invalid orbit: "STARLINK-2698" "48458"
[     5.880][WARN] Satellite has invalid orbit: "STARLINK-31934" "59877"
[     5.880][WARN] Satellite has invalid orbit: "STARLINK-31965" "59888"
[     5.880][WARN] Satellite has invalid orbit: "STARLINK-31982" "60022"
[     5.880][WARN] Satellite has invalid orbit: "STARLINK-31900" "59942"
[     5.880][WARN] Satellite has invalid orbit: "STARLINK-31970" "59928"
[     5.879][WARN] Satellite has invalid orbit: "STARLINK-2757" "48604"
[     5.880][WARN] Satellite has invalid orbit: "STARLINK-31994" "60588"
[     5.880][WARN] Satellite has invalid orbit: "STARLINK-30052" "57611"
[     5.880][WARN] Satellite has invalid orbit: "STARLINK-31765" "59604"
[     5.880][WARN] Satellite has invalid orbit: "STARLINK-31816" "59742"
[     5.880][WARN] Satellite has invalid orbit: "STARLINK-32085" "59685"
[     5.880][WARN] Satellite has invalid orbit: "STARLINK-32013" "60103"
[     5.880][WARN] Satellite has invalid orbit: "STARLINK-32102" "59699"
[     5.880][WARN] Satellite has invalid orbit: "STARLINK-32118" "60280"
[     5.880][WARN] Satellite has invalid orbit: "STARLINK-31992" "60023"
[     5.880][WARN] Satellite has invalid orbit: "STARLINK-32150" "60294"
[     5.880][WARN] Satellite has invalid orbit: "STARLINK-32174" "61509"
[     5.880][WARN] Satellite has invalid orbit: "STARLINK-32139" "61510"
[     5.880][WARN] Satellite has invalid orbit: "STARLINK-32299" "61702"
[     5.880][WARN] Satellite has invalid orbit: "STARLINK-32151" "60299"
[     5.880][WARN] Satellite has invalid orbit: "STARLINK-32332" "62490"
[     5.880][WARN] Satellite has invalid orbit: "STARLINK-32303" "61912"
[     5.880][WARN] Satellite has invalid orbit: "STARLINK-32342" "61217"
[     5.880][WARN] Satellite has invalid orbit: "STARLINK-32223" "60373"
[     5.880][WARN] Satellite has invalid orbit: "STARLINK-32295" "62147"
[     5.880][WARN] Satellite has invalid orbit: "STARLINK-32312" "61711"
[     5.880][WARN] Satellite has invalid orbit: "STARLINK-32297" "61521"
[     5.880][WARN] Satellite has invalid orbit: "STARLINK-3225" "49737"
[     5.880][WARN] Satellite has invalid orbit: "STARLINK-32366" "61551"
[     5.880][WARN] Satellite has invalid orbit: "STARLINK-32316" "61860"
[     5.880][WARN] Satellite has invalid orbit: "STARLINK-32251" "60940"
[     5.880][WARN] Satellite has invalid orbit: "STARLINK-32322" "61720"
[     5.880][WARN] Satellite has invalid orbit: "STARLINK-32225" "62036"
[     5.880][WARN] Satellite has invalid orbit: "STARLINK-32162" "60597"
[     5.881][WARN] Satellite has invalid orbit: "STARLINK-32328" "62489"
[     5.880][WARN] Satellite has invalid orbit: "STARLINK-32353" "61587"
[     5.881][WARN] Satellite has invalid orbit: "STARLINK-32394" "61853"
[     5.881][WARN] Satellite has invalid orbit: "STARLINK-32227" "60361"
[     5.881][WARN] Satellite has invalid orbit: "STARLINK-32452" "61961"
[     5.881][WARN] Satellite has invalid orbit: "STARLINK-32408" "62054"
[     5.881][WARN] Satellite has invalid orbit: "STARLINK-32256" "60362"
[     5.881][WARN] Satellite has invalid orbit: "STARLINK-32384" "62146"
[     5.881][WARN] Satellite has invalid orbit: "STARLINK-32522" "61981"
[     5.881][WARN] Satellite has invalid orbit: "STARLINK-32499" "61959"
[     5.881][WARN] Satellite has invalid orbit: "STARLINK-32388" "62144"
[     5.881][WARN] Satellite has invalid orbit: "STARLINK-32479" "62148"
[     5.881][WARN] Satellite has invalid orbit: "STARLINK-32228" "60445"
[     5.881][WARN] Satellite has invalid orbit: "STARLINK-32540" "61723"
[     5.881][WARN] Satellite has invalid orbit: "STARLINK-32456" "62041"
[     5.881][WARN] Satellite has invalid orbit: "STARLINK-32231" "60439"
[     5.881][WARN] Satellite has invalid orbit: "STARLINK-32549" "62118"
[     5.881][WARN] Satellite has invalid orbit: "STARLINK-32480" "62039"
[     5.881][WARN] Satellite has invalid orbit: "STARLINK-32571" "62055"
[     5.881][WARN] Satellite has invalid orbit: "STARLINK-32412" "61680"
[     5.881][WARN] Satellite has invalid orbit: "STARLINK-32564" "61924"
[     5.881][WARN] Satellite has invalid orbit: "STARLINK-32529" "62139"
[     5.881][WARN] Satellite has invalid orbit: "STARLINK-32604" "62070"
[     5.881][WARN] Satellite has invalid orbit: "STARLINK-32502" "62116"
[     5.881][WARN] Satellite has invalid orbit: "STARLINK-32536" "61925"
[     5.881][WARN] Satellite has invalid orbit: "STARLINK-32587" "62180"
[     5.881][WARN] Satellite has invalid orbit: "STARLINK-32482" "62141"
[     5.881][WARN] Satellite has invalid orbit: "STARLINK-32605" "61921"
[     5.881][WARN] Satellite has invalid orbit: "STARLINK-32485" "62143"
[     5.881][WARN] Satellite has invalid orbit: "STARLINK-32616" "61920"
[     5.881][WARN] Satellite has invalid orbit: "STARLINK-32609" "61929"
[     5.881][WARN] Satellite has invalid orbit: "STARLINK-32598" "62046"
[     5.881][WARN] Satellite has invalid orbit: "STARLINK-32610" "61971"
[     5.881][WARN] Satellite has invalid orbit: "STARLINK-32599" "62048"
[     5.881][WARN] Satellite has invalid orbit: "STARLINK-32492" "62050"
[     5.881][WARN] Satellite has invalid orbit: "STARLINK-32575" "62173"
[     5.881][WARN] Satellite has invalid orbit: "STARLINK-32618" "62045"
[     5.881][WARN] Satellite has invalid orbit: "STARLINK-32637" "62032"
[     5.881][WARN] Satellite has invalid orbit: "STARLINK-3247" "49747"
[     5.881][WARN] Satellite has invalid orbit: "STARLINK-32577" "62044"
[     5.881][WARN] Satellite has invalid orbit: "STARLINK-32647" "62200"
[     5.881][WARN] Satellite has invalid orbit: "STARLINK-32642" "62211"
[     5.881][WARN] Satellite has invalid orbit: "STARLINK-32620" "61928"
[     5.881][WARN] Satellite has invalid orbit: "STARLINK-32611" "61976"
[     5.881][WARN] Satellite has invalid orbit: "STARLINK-32662" "62215"
[     5.881][WARN] Satellite has invalid orbit: "STARLINK-32691" "62501"
[     5.881][WARN] Satellite has invalid orbit: "STARLINK-32623" "62152"
[     5.881][WARN] Satellite has invalid orbit: "STARLINK-32614" "62428"
[     5.881][WARN] Satellite has invalid orbit: "STARLINK-32692" "62422"
[     5.881][WARN] Satellite has invalid orbit: "STARLINK-32663" "62197"
[     5.881][WARN] Satellite has invalid orbit: "STARLINK-32710" "62604"
[     5.881][WARN] Satellite has invalid orbit: "STARLINK-32694" "62494"
[     5.881][WARN] Satellite has invalid orbit: "STARLINK-32624" "61926"
[     5.881][WARN] Satellite has invalid orbit: "STARLINK-32668" "62212"
[     5.881][WARN] Satellite has invalid orbit: "STARLINK-32510" "62040"
[     5.881][WARN] Satellite has invalid orbit: "STARLINK-32671" "62209"
[     5.881][WARN] Satellite has invalid orbit: "STARLINK-32628" "62122"
[     5.881][WARN] Satellite has invalid orbit: "STARLINK-32578" "61979"
[     5.881][WARN] Satellite has invalid orbit: "STARLINK-32715" "62569"
[     5.881][WARN] Satellite has invalid orbit: "STARLINK-32615" "62034"
[     5.881][WARN] Satellite has invalid orbit: "STARLINK-32739" "62498"
[     5.881][WARN] Satellite has invalid orbit: "STARLINK-32700" "62311"
[     5.881][WARN] Satellite has invalid orbit: "STARLINK-32717" "62491"
[     5.881][WARN] Satellite has invalid orbit: "STARLINK-32672" "62195"
[     5.881][WARN] Satellite has invalid orbit: "STARLINK-32756" "62752"
[     5.881][WARN] Satellite has invalid orbit: "STARLINK-32675" "62208"
[     5.881][WARN] Satellite has invalid orbit: "STARLINK-32705" "62479"
[     5.881][WARN] Satellite has invalid orbit: "STARLINK-32718" "62496"
[     5.881][WARN] Satellite has invalid orbit: "STARLINK-32766" "62574"
[     5.881][WARN] Satellite has invalid orbit: "STARLINK-32757" "62492"
[     5.881][WARN] Satellite has invalid orbit: "STARLINK-32629" "62150"
[     5.881][WARN] Satellite has invalid orbit: "STARLINK-32740" "62754"
[     5.882][WARN] Satellite has invalid orbit: "STARLINK-32630" "62047"
[     5.881][WARN] Satellite has invalid orbit: "STARLINK-32512" "62027"
[     5.882][WARN] Satellite has invalid orbit: "STARLINK-32760" "62568"
[     5.882][WARN] Satellite has invalid orbit: "STARLINK-32677" "63020"
[     5.882][WARN] Satellite has invalid orbit: "STARLINK-32741" "62526"
[     5.882][WARN] Satellite has invalid orbit: "STARLINK-32767" "62601"
[     5.882][WARN] Satellite has invalid orbit: "STARLINK-32743" "62480"
[     5.882][WARN] Satellite has invalid orbit: "STARLINK-32792" "62504"
[     5.882][WARN] Satellite has invalid orbit: "STARLINK-32761" "62749"
[     5.882][WARN] Satellite has invalid orbit: "STARLINK-32793" "62874"
[     5.882][WARN] Satellite has invalid orbit: "STARLINK-32768" "62503"
[     5.882][WARN] Satellite has invalid orbit: "STARLINK-32744" "62509"
[     5.882][WARN] Satellite has invalid orbit: "STARLINK-32829" "63049"
[     5.882][WARN] Satellite has invalid orbit: "STARLINK-32799" "62847"
[     5.882][WARN] Satellite has invalid orbit: "STARLINK-32831" "62860"
[     5.882][WARN] Satellite has invalid orbit: "STARLINK-32680" "62423"
[     5.882][WARN] Satellite has invalid orbit: "STARLINK-32863" "62968"
[     5.882][WARN] Satellite has invalid orbit: "STARLINK-32800" "62743"
[     5.882][WARN] Satellite has invalid orbit: "STARLINK-32764" "62570"
[     5.882][WARN] Satellite has invalid orbit: "STARLINK-32802" "62738"
[     5.882][WARN] Satellite has invalid orbit: "STARLINK-32883" "62806"
[     5.882][WARN] Satellite has invalid orbit: "STARLINK-32865" "62952"
[     5.882][WARN] Satellite has invalid orbit: "STARLINK-32746" "62745"
[     5.882][WARN] Satellite has invalid orbit: "STARLINK-32684" "62194"
[     5.882][WARN] Satellite has invalid orbit: "STARLINK-32747" "62600"
[     5.882][WARN] Satellite has invalid orbit: "STARLINK-32900" "63093"
[     5.882][WARN] Satellite has invalid orbit: "SHERPA-AC1" "52763"
[     5.882][WARN] Satellite has invalid orbit: "STARLINK-32870" "63018"
[     5.882][WARN] Satellite has invalid orbit: "STARLINK-32769" "62602"
[     5.882][WARN] Satellite has invalid orbit: "STARLINK-32884" "62953"
[     5.882][WARN] Satellite has invalid orbit: "STARLINK-32770" "62741"
[     5.882][WARN] Satellite has invalid orbit: "STARLINK-32940" "63568"
[     5.882][WARN] Satellite has invalid orbit: "STARLINK-32926" "63025"
[     5.882][WARN] Satellite has invalid orbit: "STARLINK-32947" "63121"
[     5.882][WARN] Satellite has invalid orbit: "STARLINK-32685" "62500"
[     5.882][WARN] Satellite has invalid orbit: "STARLINK-32750" "62572"
[     5.882][WARN] Satellite has invalid orbit: "STARLINK-3310" "50835"
[     5.882][WARN] Satellite has invalid orbit: "STARLINK-33545" "62101"
[     5.882][WARN] Satellite has invalid orbit: "STARLINK-3328" "50832"
[     5.882][WARN] Satellite has invalid orbit: "STARLINK-32686" "62192"
[     5.882][WARN] Satellite has invalid orbit: "STARLINK-32803" "63024"
[     5.882][WARN] Satellite has invalid orbit: "STARLINK-33548" "62280"
[     5.882][WARN] Satellite has invalid orbit: "STARLINK-32942" "63120"
[     5.882][WARN] Satellite has invalid orbit: "STARLINK-33562" "62102"
[     5.882][WARN] Satellite has invalid orbit: "STARLINK-3281" "50183"
[     5.882][WARN] Satellite has invalid orbit: "STARLINK-33612" "63325"
[     5.882][WARN] Satellite has invalid orbit: "STARLINK-33604" "63070"
[     5.882][WARN] Satellite has invalid orbit: "STARLINK-33564" "62286"
[     5.882][WARN] Satellite has invalid orbit: "STARLINK-3335" "50806"
[     5.882][WARN] Satellite has invalid orbit: "STARLINK-32772" "63033"
[     5.882][WARN] Satellite has invalid orbit: "STARLINK-33551" "62110"
[     5.882][WARN] Satellite has invalid orbit: "STARLINK-33625" "63327"
[     5.882][WARN] Satellite has invalid orbit: "STARLINK-33544" "62281"
[     5.882][WARN] Satellite has invalid orbit: "STARLINK-33622" "63066"
[     5.882][WARN] Satellite has invalid orbit: "STARLINK-32773" "62571"
[     5.882][WARN] Satellite has invalid orbit: "STARLINK-33578" "63368"
[     5.882][WARN] Satellite has invalid orbit: "STARLINK-32776" "63032"
[     5.882][WARN] Satellite has invalid orbit: "STARLINK-32951" "63562"
[     5.882][WARN] Satellite has invalid orbit: "STARLINK-33628" "63067"
[     5.882][WARN] Satellite has invalid orbit: "STARLINK-33660" "63278"
[     5.882][WARN] Satellite has invalid orbit: "STARLINK-33558" "63643"
[     5.882][WARN] Satellite has invalid orbit: "STARLINK-33663" "63652"
[     5.882][WARN] Satellite has invalid orbit: "STARLINK-33606" "63421"
[     5.882][WARN] Satellite has invalid orbit: "STARLINK-32953" "63561"
[     5.882][WARN] Satellite has invalid orbit: "STARLINK-33638" "63436"
[     5.882][WARN] Satellite has invalid orbit: "STARLINK-32958" "63563"
[     5.882][WARN] Satellite has invalid orbit: "STARLINK-33691" "63462"
[     5.882][WARN] Satellite has invalid orbit: "STARLINK-33708" "63405"
[     5.882][WARN] Satellite has invalid orbit: "STARLINK-33695" "63478"
[     5.882][WARN] Satellite has invalid orbit: "STARLINK-33560" "62282"
[     5.882][WARN] Satellite has invalid orbit: "STARLINK-33623" "63072"
[     5.882][WARN] Satellite has invalid orbit: "STARLINK-33665" "63281"
[     5.882][WARN] Satellite has invalid orbit: "STARLINK-33711" "63404"
[     5.882][WARN] Satellite has invalid orbit: "STARLINK-32959" "63569"
[     5.882][WARN] Satellite has invalid orbit: "STARLINK-33714" "63581"
[     5.882][WARN] Satellite has invalid orbit: "STARLINK-33666" "63592"
[     5.882][WARN] Satellite has invalid orbit: "STARLINK-33641" "63718"
[     5.882][WARN] Satellite has invalid orbit: "STARLINK-33722" "63571"
[     5.882][WARN] Satellite has invalid orbit: "STARLINK-33715" "63441"
[     5.882][WARN] Satellite has invalid orbit: "STARLINK-33650" "63321"
[     5.882][WARN] Satellite has invalid orbit: "STARLINK-33669" "63283"
[     5.882][WARN] Satellite has invalid orbit: "STARLINK-3358" "51109"
[     5.882][WARN] Satellite has invalid orbit: "STARLINK-33671" "63320"
[     5.882][WARN] Satellite has invalid orbit: "STARLINK-33716" "63486"
[     5.882][WARN] Satellite has invalid orbit: "STARLINK-33739" "63572"
[     5.882][WARN] Satellite has invalid orbit: "STARLINK-33717" "63648"
[     5.882][WARN] Satellite has invalid orbit: "STARLINK-33766" "63472"
[     5.882][WARN] Satellite has invalid orbit: "STARLINK-33673" "63284"
[     5.882][WARN] Satellite has invalid orbit: "STARLINK-33723" "63593"
[     5.882][WARN] Satellite has invalid orbit: "STARLINK-33674" "63329"
[     5.882][WARN] Satellite has invalid orbit: "STARLINK-33769" "63773"
[     5.882][WARN] Satellite has invalid orbit: "STARLINK-33675" "63423"
[     5.882][WARN] Satellite has invalid orbit: "STARLINK-33732" "63575"
[     5.882][WARN] Satellite has invalid orbit: "STARLINK-33771" "63659"
[     5.882][WARN] Satellite has invalid orbit: "STARLINK-33718" "63476"
[     5.882][WARN] Satellite has invalid orbit: "STARLINK-33719" "63578"
[     5.882][WARN] Satellite has invalid orbit: "STARLINK-33773" "63713"
[     5.882][WARN] Satellite has invalid orbit: "STARLINK-33800" "63576"
[     5.882][WARN] Satellite has invalid orbit: "STARLINK-33745" "63714"
[     5.882][WARN] Satellite has invalid orbit: "STARLINK-33815" "63497"
[     5.882][WARN] Satellite has invalid orbit: "STARLINK-33802" "64392"
[     5.882][WARN] Satellite has invalid orbit: "STARLINK-33747" "63444"
[     5.882][WARN] Satellite has invalid orbit: "STARLINK-33831" "63595"
[     5.882][WARN] Satellite has invalid orbit: "STARLINK-33677" "63410"
[     5.882][WARN] Satellite has invalid orbit: "STARLINK-33754" "63487"
[     5.882][WARN] Satellite has invalid orbit: "STARLINK-33832" "63637"
[     5.882][WARN] Satellite has invalid orbit: "STARLINK-33697" "63467"
[     5.883][WARN] Satellite has invalid orbit: "STARLINK-33859" "63640"
[     5.883][WARN] Satellite has invalid orbit: "STARLINK-33679" "63460"
[     5.883][WARN] Satellite has invalid orbit: "STARLINK-33811" "63504"
[     5.883][WARN] Satellite has invalid orbit: "STARLINK-33777" "63843"
[     5.883][WARN] Satellite has invalid orbit: "STARLINK-33680" "63287"
[     5.883][WARN] Satellite has invalid orbit: "STARLINK-33864" "63636"
[     5.883][WARN] Satellite has invalid orbit: "STARLINK-33816" "63677"
[     5.883][WARN] Satellite has invalid orbit: "STARLINK-33835" "63645"
[     5.883][WARN] Satellite has invalid orbit: "STARLINK-33820" "63584"
[     5.883][WARN] Satellite has invalid orbit: "STARLINK-33699" "63328"
[     5.883][WARN] Satellite has invalid orbit: "STARLINK-33759" "64007"
[     5.883][WARN] Satellite has invalid orbit: "STARLINK-33700" "63484"
[     5.883][WARN] Satellite has invalid orbit: "STARLINK-33839" "64113"
[     5.883][WARN] Satellite has invalid orbit: "STARLINK-33764" "63510"
[     5.883][WARN] Satellite has invalid orbit: "STARLINK-33684" "63649"
[     5.883][WARN] Satellite has invalid orbit: "STARLINK-33842" "63782"
[     5.883][WARN] Satellite has invalid orbit: "STARLINK-33823" "63661"
[     5.883][WARN] Satellite has invalid orbit: "STARLINK-33779" "63880"
[     5.883][WARN] Satellite has invalid orbit: "STARLINK-33880" "63686"
[     5.883][WARN] Satellite has invalid orbit: "STARLINK-33865" "64247"
[     5.883][WARN] Satellite has invalid orbit: "STARLINK-33829" "63496"
[     5.883][WARN] Satellite has invalid orbit: "STARLINK-3387" "51125"
[     5.883][WARN] Satellite has invalid orbit: "STARLINK-33701" "63464"
[     5.883][WARN] Satellite has invalid orbit: "STARLINK-33843" "63507"
[     5.883][WARN] Satellite has invalid orbit: "STARLINK-33702" "63591"
[     5.883][WARN] Satellite has invalid orbit: "STARLINK-33898" "64002"
[     5.883][WARN] Satellite has invalid orbit: "STARLINK-33786" "63514"
[     5.883][WARN] Satellite has invalid orbit: "STARLINK-33901" "63878"
[     5.883][WARN] Satellite has invalid orbit: "STARLINK-33881" "63779"
[     5.883][WARN] Satellite has invalid orbit: "STARLINK-33967" "64027"
[     5.883][WARN] Satellite has invalid orbit: "STARLINK-33910" "63916"
[     5.883][WARN] Satellite has invalid orbit: "STARLINK-33789" "63657"
[     5.883][WARN] Satellite has invalid orbit: "STARLINK-3397" "51115"
[     5.883][WARN] Satellite has invalid orbit: "STARLINK-33884" "63770"
[     5.883][WARN] Satellite has invalid orbit: "STARLINK-33871" "63994"
[     5.883][WARN] Satellite has invalid orbit: "STARLINK-33927" "64001"
[     5.883][WARN] Satellite has invalid orbit: "STARLINK-33916" "63792"
[     5.883][WARN] Satellite has invalid orbit: "STARLINK-3389" "51124"
[     5.883][WARN] Satellite has invalid orbit: "STARLINK-33873" "63655"
[     5.883][WARN] Satellite has invalid orbit: "STARLINK-33790" "64029"
[     5.883][WARN] Satellite has invalid orbit: "STARLINK-3400" "51128"
[     5.883][WARN] Satellite has invalid orbit: "STARLINK-33917" "64181"
[     5.883][WARN] Satellite has invalid orbit: "STARLINK-33930" "63776"
[     5.883][WARN] Satellite has invalid orbit: "STARLINK-34012" "63926"
[     5.883][WARN] Satellite has invalid orbit: "STARLINK-33921" "65934"
[     5.883][WARN] Satellite has invalid orbit: "STARLINK-33940" "63831"
[     5.883][WARN] Satellite has invalid orbit: "STARLINK-34019" "64032"
[     5.883][WARN] Satellite has invalid orbit: "STARLINK-34045" "63979"
[     5.883][WARN] Satellite has invalid orbit: "STARLINK-33981" "63888"
[     5.883][WARN] Satellite has invalid orbit: "STARLINK-33972" "63893"
[     5.883][WARN] Satellite has invalid orbit: "STARLINK-34050" "64331"
[     5.883][WARN] Satellite has invalid orbit: "STARLINK-34077" "64009"
[     5.883][WARN] Satellite has invalid orbit: "STARLINK-33991" "64122"
[     5.883][WARN] Satellite has invalid orbit: "STARLINK-33875" "63789"
[     5.883][WARN] Satellite has invalid orbit: "STARLINK-33992" "64026"
[     5.883][WARN] Satellite has invalid orbit: "STARLINK-34025" "63824"
[     5.883][WARN] Satellite has invalid orbit: "STARLINK-34094" "63822"
[     5.883][WARN] Satellite has invalid orbit: "STARLINK-34027" "63936"
[     5.883][WARN] Satellite has invalid orbit: "STARLINK-33877" "63933"
[     5.883][WARN] Satellite has invalid orbit: "STARLINK-33933" "63784"
[     5.883][WARN] Satellite has invalid orbit: "STARLINK-33974" "63954"
[     5.883][WARN] Satellite has invalid orbit: "STARLINK-34051" "64022"
[     5.883][WARN] Satellite has invalid orbit: "STARLINK-34031" "63912"
[     5.883][WARN] Satellite has invalid orbit: "STARLINK-34078" "64012"
[     5.883][WARN] Satellite has invalid orbit: "STARLINK-34064" "64114"
[     5.883][WARN] Satellite has invalid orbit: "STARLINK-34034" "63947"
[     5.883][WARN] Satellite has invalid orbit: "STARLINK-34107" "63960"
[     5.883][WARN] Satellite has invalid orbit: "STARLINK-34095" "63809"
[     5.883][WARN] Satellite has invalid orbit: "STARLINK-34065" "63813"
[     5.883][WARN] Satellite has invalid orbit: "STARLINK-33975" "63802"
[     5.883][WARN] Satellite has invalid orbit: "STARLINK-34038" "63911"
[     5.883][WARN] Satellite has invalid orbit: "STARLINK-34112" "63969"
[     5.883][WARN] Satellite has invalid orbit: "STARLINK-34100" "64385"
[     5.883][WARN] Satellite has invalid orbit: "STARLINK-34072" "64101"
[     5.883][WARN] Satellite has invalid orbit: "STARLINK-33978" "63832"
[     5.883][WARN] Satellite has invalid orbit: "STARLINK-34114" "63905"
[     5.883][WARN] Satellite has invalid orbit: "STARLINK-34143" "63896"
[     5.883][WARN] Satellite has invalid orbit: "STARLINK-33936" "64005"
[     5.883][WARN] Satellite has invalid orbit: "STARLINK-34158" "63996"
[     5.883][WARN] Satellite has invalid orbit: "STARLINK-34089" "64039"
[     5.883][WARN] Satellite has invalid orbit: "STARLINK-34173" "64196"
[     5.883][WARN] Satellite has invalid orbit: "STARLINK-34101" "63812"
[     5.883][WARN] Satellite has invalid orbit: "STARLINK-34144" "63958"
[     5.883][WARN] Satellite has invalid orbit: "STARLINK-34182" "64013"
[     5.883][WARN] Satellite has invalid orbit: "STARLINK-34188" "64183"
[     5.883][WARN] Satellite has invalid orbit: "STARLINK-34145" "64110"
[     5.883][WARN] Satellite has invalid orbit: "STARLINK-34105" "63977"
[     5.883][WARN] Satellite has invalid orbit: "STARLINK-33942" "63974"
[     5.883][WARN] Satellite has invalid orbit: "STARLINK-34220" "64930"
[     5.883][WARN] Satellite has invalid orbit: "STARLINK-34115" "63972"
[     5.883][WARN] Satellite has invalid orbit: "STARLINK-3415" "51472"
[     5.883][WARN] Satellite has invalid orbit: "STARLINK-34224" "64251"
[     5.883][WARN] Satellite has invalid orbit: "STARLINK-34242" "64727"
[     5.883][WARN] Satellite has invalid orbit: "STARLINK-33947" "63787"
[     5.883][WARN] Satellite has invalid orbit: "STARLINK-34153" "63967"
[     5.883][WARN] Satellite has invalid orbit: "STARLINK-33948" "66147"
[     5.883][WARN] Satellite has invalid orbit: "STARLINK-34191" "64176"
[     5.883][WARN] Satellite has invalid orbit: "STARLINK-33955" "63902"
[     5.883][WARN] Satellite has invalid orbit: "STARLINK-34226" "64494"
[     5.883][WARN] Satellite has invalid orbit: "STARLINK-34118" "63900"
[     5.883][WARN] Satellite has invalid orbit: "STARLINK-34183" "64254"
[     5.884][WARN] Satellite has invalid orbit: "STARLINK-34203" "64246"
[     5.884][WARN] Satellite has invalid orbit: "STARLINK-34184" "64024"
[     5.884][WARN] Satellite has invalid orbit: "STARLINK-34229" "64250"
[     5.883][WARN] Satellite has invalid orbit: "STARLINK-34162" "64018"
[     5.884][WARN] Satellite has invalid orbit: "STARLINK-34368" "64311"
[     5.884][WARN] Satellite has invalid orbit: "STARLINK-34163" "64008"
[     5.884][WARN] Satellite has invalid orbit: "STARLINK-34300" "64218"
[     5.884][WARN] Satellite has invalid orbit: "STARLINK-34234" "64248"
[     5.884][WARN] Satellite has invalid orbit: "STARLINK-33957" "63897"
[     5.884][WARN] Satellite has invalid orbit: "STARLINK-34336" "64462"
[     5.884][WARN] Satellite has invalid orbit: "STARLINK-33959" "63817"
[     5.884][WARN] Satellite has invalid orbit: "STARLINK-34398" "64445"
[     5.884][WARN] Satellite has invalid orbit: "STARLINK-3396" "51129"
[     5.884][WARN] Satellite has invalid orbit: "STARLINK-34165" "63997"
[     5.884][WARN] Satellite has invalid orbit: "STARLINK-34354" "64314"
[     5.884][WARN] Satellite has invalid orbit: "STARLINK-34168" "64079"
[     5.884][WARN] Satellite has invalid orbit: "STARLINK-34401" "64757"
[     5.884][WARN] Satellite has invalid orbit: "STARLINK-33961" "64047"
[     5.884][WARN] Satellite has invalid orbit: "STARLINK-34383" "64305"
[     5.884][WARN] Satellite has invalid orbit: "STARLINK-34358" "64313"
[     5.884][WARN] Satellite has invalid orbit: "STARLINK-34432" "64426"
[     5.884][WARN] Satellite has invalid orbit: "STARLINK-34386" "66096"
[     5.884][WARN] Satellite has invalid orbit: "STARLINK-34419" "64412"
[     5.884][WARN] Satellite has invalid orbit: "STARLINK-34370" "64309"
[     5.884][WARN] Satellite has invalid orbit: "STARLINK-34422" "64415"
[     5.884][WARN] Satellite has invalid orbit: "STARLINK-34493" "64472"
[     5.884][WARN] Satellite has invalid orbit: "STARLINK-34380" "64307"
[     5.883][WARN] Satellite has invalid orbit: "STARLINK-34255" "65417"
[     5.884][WARN] Satellite has invalid orbit: "STARLINK-34449" "64465"
[     5.884][WARN] Satellite has invalid orbit: "STARLINK-34425" "64350"
[     5.884][WARN] Satellite has invalid orbit: "STARLINK-34387" "64315"
[     5.884][WARN] Satellite has invalid orbit: "STARLINK-34523" "64475"
[     5.884][WARN] Satellite has invalid orbit: "STARLINK-34389" "64351"
[     5.884][WARN] Satellite has invalid orbit: "STARLINK-34549" "65017"
[     5.884][WARN] Satellite has invalid orbit: "STARLINK-34434" "64422"
[     5.884][WARN] Satellite has invalid orbit: "STARLINK-34461" "64418"
[     5.884][WARN] Satellite has invalid orbit: "STARLINK-34391" "64298"
[     5.884][WARN] Satellite has invalid orbit: "STARLINK-34504" "64600"
[     5.884][WARN] Satellite has invalid orbit: "STARLINK-34465" "64438"
[     5.884][WARN] Satellite has invalid orbit: "STARLINK-34441" "64430"
[     5.884][WARN] Satellite has invalid orbit: "STARLINK-34451" "64433"
[     5.884][WARN] Satellite has invalid orbit: "STARLINK-34525" "64678"
[     5.884][WARN] Satellite has invalid orbit: "STARLINK-34466" "66226"
[     5.884][WARN] Satellite has invalid orbit: "STARLINK-34256" "64249"
[     5.884][WARN] Satellite has invalid orbit: "STARLINK-34452" "64425"
[     5.884][WARN] Satellite has invalid orbit: "STARLINK-34589" "64747"
[     5.884][WARN] Satellite has invalid orbit: "STARLINK-34535" "64698"
[     5.884][WARN] Satellite has invalid orbit: "STARLINK-34459" "64449"
[     5.884][WARN] Satellite has invalid orbit: "STARLINK-34264" "64277"
[     5.884][WARN] Satellite has invalid orbit: "STARLINK-34507" "64437"
[     5.884][WARN] Satellite has invalid orbit: "STARLINK-34469" "64615"
[     5.884][WARN] Satellite has invalid orbit: "STARLINK-34634" "65079"
[     5.884][WARN] Satellite has invalid orbit: "STARLINK-34646" "64796"
[     5.884][WARN] Satellite has invalid orbit: "STARLINK-34681" "66438"
[     5.884][WARN] Satellite has invalid orbit: "STARLINK-34271" "64384"
[     5.884][WARN] Satellite has invalid orbit: "STARLINK-34647" "64904"
[     5.884][WARN] Satellite has invalid orbit: "STARLINK-3451" "51749"
[     5.884][WARN] Satellite has invalid orbit: "STARLINK-34392" "64451"
[     5.884][WARN] Satellite has invalid orbit: "STARLINK-34650" "66258"
[     5.884][WARN] Satellite has invalid orbit: "STARLINK-34275" "64413"
[     5.884][WARN] Satellite has invalid orbit: "STARLINK-34514" "64416"
[     5.884][WARN] Satellite has invalid orbit: "STARLINK-34396" "64436"
[     5.884][WARN] Satellite has invalid orbit: "STARLINK-34767" "66507"
[     5.884][WARN] Satellite has invalid orbit: "STARLINK-34276" "64263"
[     5.884][WARN] Satellite has invalid orbit: "STARLINK-34776" "65037"
[     5.884][WARN] Satellite has invalid orbit: "STARLINK-34487" "64417"
[     5.885][WARN] Satellite has invalid orbit: "STARLINK-34686" "65087"
[     5.885][WARN] Satellite has invalid orbit: "STARLINK-34278" "64391"
[     5.885][WARN] Satellite has invalid orbit: "STARLINK-34828" "65353"
[     5.885][WARN] Satellite has invalid orbit: "STARLINK-34844" "66486"
[     5.885][WARN] Satellite has invalid orbit: "STARLINK-34878" "65334"
[     5.885][WARN] Satellite has invalid orbit: "STARLINK-34777" "65339"
[     5.885][WARN] Satellite has invalid orbit: "STARLINK-34397" "64356"
[     5.885][WARN] Satellite has invalid orbit: "STARLINK-34833" "65218"
[     5.885][WARN] Satellite has invalid orbit: "STARLINK-34846" "66972"
[     5.885][WARN] Satellite has invalid orbit: "STARLINK-34883" "65426"
[     5.885][WARN] Satellite has invalid orbit: "STARLINK-34489" "64679"
[     5.885][WARN] Satellite has invalid orbit: "STARLINK-34924" "65469"
[     5.885][WARN] Satellite has invalid orbit: "STARLINK-34847" "65211"
[     5.885][WARN] Satellite has invalid orbit: "STARLINK-35004" "65428"
[     5.885][WARN] Satellite has invalid orbit: "STARLINK-34916" "65427"
[     5.885][WARN] Satellite has invalid orbit: "STARLINK-34853" "65892"
[     5.885][WARN] Satellite has invalid orbit: "STARLINK-35014" "65429"
[     5.885][WARN] Satellite has invalid orbit: "STARLINK-34992" "65412"
[     5.885][WARN] Satellite has invalid orbit: "STARLINK-3509" "51737"
[     5.885][WARN] Satellite has invalid orbit: "STARLINK-35061" "66191"
[     5.885][WARN] Satellite has invalid orbit: "STARLINK-3512" "51743"
[     5.885][WARN] Satellite has invalid orbit: "STARLINK-35134" "65641"
[     5.885][WARN] Satellite has invalid orbit: "STARLINK-34937" "66192"
[     5.885][WARN] Satellite has invalid orbit: "STARLINK-3503" "51865"
[     5.885][WARN] Satellite has invalid orbit: "STARLINK-35163" "65507"
[     5.885][WARN] Satellite has invalid orbit: "STARLINK-35081" "66148"
[     5.885][WARN] Satellite has invalid orbit: "STARLINK-35122" "65510"
[     5.885][WARN] Satellite has invalid orbit: "STARLINK-35143" "65485"
[     5.885][WARN] Satellite has invalid orbit: "STARLINK-35126" "65503"
[     5.885][WARN] Satellite has invalid orbit: "STARLINK-35149" "65512"
[     5.885][WARN] Satellite has invalid orbit: "STARLINK-35219" "66443"
[     5.885][WARN] Satellite has invalid orbit: "STARLINK-35172" "65533"
[     5.885][WARN] Satellite has invalid orbit: "STARLINK-35131" "66075"
[     5.885][WARN] Satellite has invalid orbit: "STARLINK-35306" "67361"
[     5.885][WARN] Satellite has invalid orbit: "STARLINK-3527" "51726"
[     5.885][WARN] Satellite has invalid orbit: "STARLINK-35259" "66197"
[     5.885][WARN] Satellite has invalid orbit: "STARLINK-3522" "51725"
[     5.885][WARN] Satellite has invalid orbit: "STARLINK-35160" "65911"
[     5.885][WARN] Satellite has invalid orbit: "STARLINK-35327" "66439"
[     5.885][WARN] Satellite has invalid orbit: "STARLINK-35354" "66477"
[     5.885][WARN] Satellite has invalid orbit: "STARLINK-3542" "51852"
[     5.885][WARN] Satellite has invalid orbit: "STARLINK-3533" "51715"
[     5.885][WARN] Satellite has invalid orbit: "STARLINK-35262" "65847"
[     5.885][WARN] Satellite has invalid orbit: "STARLINK-35355" "66448"
[     5.885][WARN] Satellite has invalid orbit: "STARLINK-35331" "66468"
[     5.885][WARN] Satellite has invalid orbit: "STARLINK-35405" "66440"
[     5.885][WARN] Satellite has invalid orbit: "STARLINK-35275" "65756"
[     5.885][WARN] Satellite has invalid orbit: "STARLINK-35466" "66457"
[     5.885][WARN] Satellite has invalid orbit: "STARLINK-3538" "51996"
[     5.885][WARN] Satellite has invalid orbit: "STARLINK-35451" "66469"
[     5.885][WARN] Satellite has invalid orbit: "STARLINK-35389" "66434"
[     5.885][WARN] Satellite has invalid orbit: "STARLINK-35358" "66564"
[     5.885][WARN] Satellite has invalid orbit: "STARLINK-35433" "65870"
[     5.885][WARN] Satellite has invalid orbit: "STARLINK-35467" "66343"
[     5.885][WARN] Satellite has invalid orbit: "STARLINK-35283" "66478"
[     5.885][WARN] Satellite has invalid orbit: "STARLINK-35411" "66560"
[     5.885][WARN] Satellite has invalid orbit: "STARLINK-35435" "66464"
[     5.885][WARN] Satellite has invalid orbit: "STARLINK-35415" "65885"
[     5.885][WARN] Satellite has invalid orbit: "STARLINK-35391" "66616"
[     5.885][WARN] Satellite has invalid orbit: "STARLINK-35361" "65667"
[     5.885][WARN] Satellite has invalid orbit: "STARLINK-35297" "66010"
[     5.885][WARN] Satellite has invalid orbit: "STARLINK-35443" "66339"
[     5.885][WARN] Satellite has invalid orbit: "STARLINK-35371" "66484"
[     5.885][WARN] Satellite has invalid orbit: "STARLINK-35462" "65877"
[     5.885][WARN] Satellite has invalid orbit: "STARLINK-35401" "66067"
[     5.885][WARN] Satellite has invalid orbit: "STARLINK-35481" "66247"
[     5.885][WARN] Satellite has invalid orbit: "STARLINK-35334" "66450"
[     5.885][WARN] Satellite has invalid orbit: "STARLINK-35492" "65926"
[     5.885][WARN] Satellite has invalid orbit: "STARLINK-35446" "66432"
[     5.885][WARN] Satellite has invalid orbit: "STARLINK-35496" "66114"
[     5.885][WARN] Satellite has invalid orbit: "STARLINK-35526" "65931"
[     5.885][WARN] Satellite has invalid orbit: "STARLINK-35447" "66589"
[     5.885][WARN] Satellite has invalid orbit: "STARLINK-35343" "67334"
[     5.885][WARN] Satellite has invalid orbit: "STARLINK-3555" "51863"
[     5.885][WARN] Satellite has invalid orbit: "STARLINK-35567" "66472"
[     5.885][WARN] Satellite has invalid orbit: "STARLINK-3550" "52373"
[     5.885][WARN] Satellite has invalid orbit: "STARLINK-35589" "66426"
[     5.885][WARN] Satellite has invalid orbit: "STARLINK-35502" "66435"
[     5.885][WARN] Satellite has invalid orbit: "STARLINK-35593" "66107"
[     5.885][WARN] Satellite has invalid orbit: "STARLINK-35568" "66473"
[     5.885][WARN] Satellite has invalid orbit: "STARLINK-35504" "66325"
[     5.886][WARN] Satellite has invalid orbit: "STARLINK-35598" "66509"
[     5.886][WARN] Satellite has invalid orbit: "STARLINK-35507" "66327"
[     5.886][WARN] Satellite has invalid orbit: "STARLINK-35625" "66140"
[     5.886][WARN] Satellite has invalid orbit: "STARLINK-35670" "66480"
[     5.886][WARN] Satellite has invalid orbit: "STARLINK-35629" "66127"
[     5.886][WARN] Satellite has invalid orbit: "STARLINK-35511" "66344"
[     5.886][WARN] Satellite has invalid orbit: "STARLINK-3563" "51858"
[     5.886][WARN] Satellite has invalid orbit: "STARLINK-35654" "66483"
[     5.886][WARN] Satellite has invalid orbit: "STARLINK-35469" "65863"
[     5.886][WARN] Satellite has invalid orbit: "STARLINK-35470" "66430"
[     5.886][WARN] Satellite has invalid orbit: "STARLINK-35608" "66508"
[     5.886][WARN] Satellite has invalid orbit: "STARLINK-35554" "66239"
[     5.886][WARN] Satellite has invalid orbit: "STARLINK-35474" "66437"
[     5.886][WARN] Satellite has invalid orbit: "STARLINK-35569" "66471"
[     5.886][WARN] Satellite has invalid orbit: "STARLINK-35514" "66535"
[     5.886][WARN] Satellite has invalid orbit: "STARLINK-35575" "66165"
[     5.886][WARN] Satellite has invalid orbit: "STARLINK-35515" "66488"
[     5.886][WARN] Satellite has invalid orbit: "STARLINK-35698" "66481"
[     5.886][WARN] Satellite has invalid orbit: "STARLINK-35562" "66063"
[     5.886][WARN] Satellite has invalid orbit: "STARLINK-35676" "67345"
[     5.886][WARN] Satellite has invalid orbit: "STARLINK-35564" "67420"
[     5.886][WARN] Satellite has invalid orbit: "STARLINK-35579" "66562"
[     5.886][WARN] Satellite has invalid orbit: "STARLINK-3570" "51882"
[     5.886][WARN] Satellite has invalid orbit: "STARLINK-35519" "65919"
[     5.886][WARN] Satellite has invalid orbit: "STARLINK-35701" "67118"
[     5.886][WARN] Satellite has invalid orbit: "STARLINK-35640" "66536"
[     5.886][WARN] Satellite has invalid orbit: "STARLINK-35733" "66224"
[     5.886][WARN] Satellite has invalid orbit: "STARLINK-35662" "66384"
[     5.886][WARN] Satellite has invalid orbit: "STARLINK-35744" "66581"
[     5.886][WARN] Satellite has invalid orbit: "STARLINK-35611" "66427"
[     5.886][WARN] Satellite has invalid orbit: "STARLINK-35678" "66971"
[     5.886][WARN] Satellite has invalid orbit: "STARLINK-35761" "66961"
[     5.886][WARN] Satellite has invalid orbit: "STARLINK-35756" "67175"
[     5.886][WARN] Satellite has invalid orbit: "STARLINK-35796" "66541"
[     5.886][WARN] Satellite has invalid orbit: "STARLINK-35684" "66458"
[     5.886][WARN] Satellite has invalid orbit: "STARLINK-35803" "66568"
[     5.886][WARN] Satellite has invalid orbit: "STARLINK-35687" "66524"
[     5.886][WARN] Satellite has invalid orbit: "STARLINK-35643" "66456"
[     5.886][WARN] Satellite has invalid orbit: "STARLINK-35816" "66499"
[     5.886][WARN] Satellite has invalid orbit: "STARLINK-35646" "66859"
[     5.886][WARN] Satellite has invalid orbit: "STARLINK-35814" "66576"
[     5.886][WARN] Satellite has invalid orbit: "STARLINK-35853" "67177"
[     5.886][WARN] Satellite has invalid orbit: "STARLINK-35764" "67109"
[     5.886][WARN] Satellite has invalid orbit: "STARLINK-35652" "66393"
[     5.886][WARN] Satellite has invalid orbit: "STARLINK-35858" "66833"
[     5.886][WARN] Satellite has invalid orbit: "STARLINK-35771" "67171"
[     5.886][WARN] Satellite has invalid orbit: "STARLINK-35817" "66357"
[     5.886][WARN] Satellite has invalid orbit: "STARLINK-35863" "67170"
[     5.886][WARN] Satellite has invalid orbit: "STARLINK-35617" "66422"
[     5.886][WARN] Satellite has invalid orbit: "STARLINK-35689" "66494"
[     5.886][WARN] Satellite has invalid orbit: "STARLINK-35707" "66533"
[     5.886][WARN] Satellite has invalid orbit: "STARLINK-35889" "67189"
[     5.886][WARN] Satellite has invalid orbit: "STARLINK-35859" "67185"
[     5.886][WARN] Satellite has invalid orbit: "STARLINK-35869" "66353"
[     5.886][WARN] Satellite has invalid orbit: "STARLINK-35620" "66474"
[     5.886][WARN] Satellite has invalid orbit: "STARLINK-3591" "51870"
[     5.886][WARN] Satellite has invalid orbit: "STARLINK-35892" "67115"
[     5.886][WARN] Satellite has invalid orbit: "STARLINK-35820" "66597"
[     5.886][WARN] Satellite has invalid orbit: "STARLINK-35893" "66565"
[     5.886][WARN] Satellite has invalid orbit: "STARLINK-35692" "66513"
[     5.886][WARN] Satellite has invalid orbit: "STARLINK-35910" "67184"
[     5.886][WARN] Satellite has invalid orbit: "STARLINK-35925" "66887"
[     5.886][WARN] Satellite has invalid orbit: "STARLINK-35830" "66284"
[     5.886][WARN] Satellite has invalid orbit: "STARLINK-35875" "67111"
[     5.886][WARN] Satellite has invalid orbit: "STARLINK-35695" "66558"
[     5.886][WARN] Satellite has invalid orbit: "STARLINK-35878" "67178"
[     5.886][WARN] Satellite has invalid orbit: "STARLINK-35948" "66633"
[     5.886][WARN] Satellite has invalid orbit: "STARLINK-35915" "66521"
[     5.886][WARN] Satellite has invalid orbit: "STARLINK-35773" "67042"
[     5.886][WARN] Satellite has invalid orbit: "STARLINK-35932" "66526"
[     5.886][WARN] Satellite has invalid orbit: "STARLINK-35884" "67044"
[     5.886][WARN] Satellite has invalid orbit: "STARLINK-35952" "66520"
[     5.886][WARN] Satellite has invalid orbit: "STARLINK-35887" "66959"
[     5.886][WARN] Satellite has invalid orbit: "STARLINK-35832" "66495"
[     5.886][WARN] Satellite has invalid orbit: "STARLINK-35933" "66529"
[     5.886][WARN] Satellite has invalid orbit: "STARLINK-35926" "66642"
[     5.886][WARN] Satellite has invalid orbit: "STARLINK-35989" "66819"
[     5.886][WARN] Satellite has invalid orbit: "STARLINK-35961" "66530"
[     5.886][WARN] Satellite has invalid orbit: "STARLINK-35836" "66571"
[     5.886][WARN] Satellite has invalid orbit: "STARLINK-35962" "66518"
[     5.886][WARN] Satellite has invalid orbit: "STARLINK-35837" "66840"
[     5.886][WARN] Satellite has invalid orbit: "STARLINK-35779" "67047"
[     5.886][WARN] Satellite has invalid orbit: "STARLINK-35928" "66528"
[     5.886][WARN] Satellite has invalid orbit: "STARLINK-36044" "66799"
[     5.886][WARN] Satellite has invalid orbit: "STARLINK-35990" "66792"
[     5.886][WARN] Satellite has invalid orbit: "STARLINK-36067" "66965"
[     5.886][WARN] Satellite has invalid orbit: "STARLINK-35935" "66527"
[     5.886][WARN] Satellite has invalid orbit: "STARLINK-36068" "66845"
[     5.886][WARN] Satellite has invalid orbit: "STARLINK-35888" "67190"
[     5.886][WARN] Satellite has invalid orbit: "STARLINK-36083" "66857"
[     5.886][WARN] Satellite has invalid orbit: "STARLINK-35917" "66503"
[     5.886][WARN] Satellite has invalid orbit: "STARLINK-36145" "66983"
[     5.886][WARN] Satellite has invalid orbit: "STARLINK-35966" "66821"
[     5.886][WARN] Satellite has invalid orbit: "STARLINK-36054" "66812"
[     5.886][WARN] Satellite has invalid orbit: "STARLINK-35967" "66634"
[     5.886][WARN] Satellite has invalid orbit: "STARLINK-36070" "66864"
[     5.886][WARN] Satellite has invalid orbit: "STARLINK-36146" "67426"
[     5.886][WARN] Satellite has invalid orbit: "STARLINK-36087" "66854"
[     5.887][WARN] Satellite has invalid orbit: "STARLINK-36174" "67166"
[     5.887][WARN] Satellite has invalid orbit: "STARLINK-36150" "67031"
[     5.887][WARN] Satellite has invalid orbit: "STARLINK-36090" "66855"
[     5.886][WARN] Satellite has invalid orbit: "STARLINK-36157" "66933"
[     5.887][WARN] Satellite has invalid orbit: "STARLINK-36091" "66848"
[     5.887][WARN] Satellite has invalid orbit: "STARLINK-36159" "67079"
[     5.887][WARN] Satellite has invalid orbit: "STARLINK-36095" "66871"
[     5.887][WARN] Satellite has invalid orbit: "STARLINK-36180" "67114"
[     5.887][WARN] Satellite has invalid orbit: "STARLINK-36184" "67021"
[     5.886][WARN] Satellite has invalid orbit: "STARLINK-36114" "66870"
[     5.886][WARN] Satellite has invalid orbit: "STARLINK-35968" "66636"
[     5.887][WARN] Satellite has invalid orbit: "STARLINK-36164" "67127"
[     5.887][WARN] Satellite has invalid orbit: "STARLINK-36099" "66797"
[     5.887][WARN] Satellite has invalid orbit: "STARLINK-36186" "67165"
[     5.887][WARN] Satellite has invalid orbit: "STARLINK-36198" "67167"
[     5.886][WARN] Satellite has invalid orbit: "STARLINK-35992" "66852"
[     5.887][WARN] Satellite has invalid orbit: "STARLINK-36119" "67619"
[     5.887][WARN] Satellite has invalid orbit: "STARLINK-35993" "66607"
[     5.887][WARN] Satellite has invalid orbit: "STARLINK-36219" "67125"
[     5.887][WARN] Satellite has invalid orbit: "STARLINK-36059" "66904"
[     5.887][WARN] Satellite has invalid orbit: "STARLINK-36223" "67126"
[     5.887][WARN] Satellite has invalid orbit: "STARLINK-36188" "67122"
[     5.887][WARN] Satellite has invalid orbit: "STARLINK-35995" "66817"
[     5.887][WARN] Satellite has invalid orbit: "STARLINK-36201" "67164"
[     5.887][WARN] Satellite has invalid orbit: "STARLINK-36126" "66866"
[     5.887][WARN] Satellite has invalid orbit: "STARLINK-35969" "66523"
[     5.887][WARN] Satellite has invalid orbit: "STARLINK-36203" "67214"
[     5.887][WARN] Satellite has invalid orbit: "STARLINK-36268" "67199"
[     5.887][WARN] Satellite has invalid orbit: "STARLINK-35975" "66525"
[     5.887][WARN] Satellite has invalid orbit: "STARLINK-36208" "67108"
[     5.887][WARN] Satellite has invalid orbit: "STARLINK-36101" "66867"
[     5.887][WARN] Satellite has invalid orbit: "STARLINK-36258" "67104"
[     5.887][WARN] Satellite has invalid orbit: "STARLINK-36192" "67024"
[     5.887][WARN] Satellite has invalid orbit: "STARLINK-36285" "68530"
[     5.887][WARN] Satellite has invalid orbit: "STARLINK-3632" "51784"
[     5.887][WARN] Satellite has invalid orbit: "STARLINK-36292" "68509"
[     5.887][WARN] Satellite has invalid orbit: "STARLINK-3621" "51769"
[     5.887][WARN] Satellite has invalid orbit: "STARLINK-36135" "66986"
[     5.887][WARN] Satellite has invalid orbit: "STARLINK-36211" "67218"
[     5.887][WARN] Satellite has invalid orbit: "STARLINK-36105" "66850"
[     5.887][WARN] Satellite has invalid orbit: "STARLINK-36323" "68259"
[     5.887][WARN] Satellite has invalid orbit: "STARLINK-36428" "67362"
[     5.887][WARN] Satellite has invalid orbit: "STARLINK-36442" "67413"
[     5.887][WARN] Satellite has invalid orbit: "STARLINK-3640" "51988"
[     5.887][WARN] Satellite has invalid orbit: "STARLINK-36294" "68531"
[     5.887][WARN] Satellite has invalid orbit: "STARLINK-36136" "66967"
[     5.887][WARN] Satellite has invalid orbit: "STARLINK-36137" "67033"
[     5.887][WARN] Satellite has invalid orbit: "STARLINK-36471" "67324"
[     5.887][WARN] Satellite has invalid orbit: "STARLINK-36303" "68969"
[     5.887][WARN] Satellite has invalid orbit: "STARLINK-36446" "67412"
[     5.887][WARN] Satellite has invalid orbit: "STARLINK-36371" "67938"
[     5.887][WARN] Satellite has invalid orbit: "STARLINK-36328" "68096"
[     5.887][WARN] Satellite has invalid orbit: "STARLINK-36406" "67923"
[     5.887][WARN] Satellite has invalid orbit: "STARLINK-36489" "67328"
[     5.887][WARN] Satellite has invalid orbit: "STARLINK-36472" "67346"
[     5.887][WARN] Satellite has invalid orbit: "STARLINK-36570" "67640"
[     5.887][WARN] Satellite has invalid orbit: "STARLINK-36473" "67325"
[     5.887][WARN] Satellite has invalid orbit: "STARLINK-36410" "67337"
[     5.887][WARN] Satellite has invalid orbit: "STARLINK-36429" "67356"
[     5.887][WARN] Satellite has invalid orbit: "STARLINK-36500" "67320"
[     5.887][WARN] Satellite has invalid orbit: "STARLINK-36534" "67496"
[     5.887][WARN] Satellite has invalid orbit: "STARLINK-36501" "67327"
[     5.887][WARN] Satellite has invalid orbit: "STARLINK-36430" "67326"
[     5.887][WARN] Satellite has invalid orbit: "STARLINK-36600" "67623"
[     5.887][WARN] Satellite has invalid orbit: "STARLINK-36412" "67518"
[     5.887][WARN] Satellite has invalid orbit: "STARLINK-36601" "67618"
[     5.887][WARN] Satellite has invalid orbit: "STARLINK-36476" "67314"
[     5.887][WARN] Satellite has invalid orbit: "STARLINK-36606" "67845"
[     5.887][WARN] Satellite has invalid orbit: "STARLINK-36504" "67462"
[     5.887][WARN] Satellite has invalid orbit: "STARLINK-36623" "67644"
[     5.887][WARN] Satellite has invalid orbit: "STARLINK-36413" "67338"
[     5.887][WARN] Satellite has invalid orbit: "STARLINK-36492" "67332"
[     5.887][WARN] Satellite has invalid orbit: "STARLINK-36448" "67354"
[     5.887][WARN] Satellite has invalid orbit: "STARLINK-36624" "67636"
[     5.887][WARN] Satellite has invalid orbit: "STARLINK-36513" "67429"
[     5.887][WARN] Satellite has invalid orbit: "STARLINK-36537" "67516"
[     5.887][WARN] Satellite has invalid orbit: "STARLINK-36514" "67641"
[     5.887][WARN] Satellite has invalid orbit: "STARLINK-36420" "67347"
[     5.887][WARN] Satellite has invalid orbit: "STARLINK-36481" "67307"
[     5.887][WARN] Satellite has invalid orbit: "STARLINK-36421" "67464"
[     5.887][WARN] Satellite has invalid orbit: "STARLINK-36482" "67309"
[     5.887][WARN] Satellite has invalid orbit: "STARLINK-36425" "67467"
[     5.887][WARN] Satellite has invalid orbit: "STARLINK-36627" "67635"
[     5.887][WARN] Satellite has invalid orbit: "STARLINK-36515" "67430"
[     5.887][WARN] Satellite has invalid orbit: "STARLINK-36497" "67323"
[     5.887][WARN] Satellite has invalid orbit: "STARLINK-36643" "67822"
[     5.887][WARN] Satellite has invalid orbit: "STARLINK-36607" "67620"
[     5.887][WARN] Satellite has invalid orbit: "STARLINK-36524" "67452"
[     5.887][WARN] Satellite has invalid orbit: "STARLINK-36449" "67308"
[     5.887][WARN] Satellite has invalid orbit: "STARLINK-36525" "67450"
[     5.887][WARN] Satellite has invalid orbit: "STARLINK-36670" "67828"
[     5.887][WARN] Satellite has invalid orbit: "STARLINK-36453" "67341"
[     5.887][WARN] Satellite has invalid orbit: "STARLINK-36538" "67512"
[     5.887][WARN] Satellite has invalid orbit: "STARLINK-36454" "67470"
[     5.887][WARN] Satellite has invalid orbit: "STARLINK-36611" "67830"
[     5.887][WARN] Satellite has invalid orbit: "STARLINK-36544" "67517"
[     5.887][WARN] Satellite has invalid orbit: "STARLINK-36633" "67632"
[     5.887][WARN] Satellite has invalid orbit: "STARLINK-3670" "52106"
[     5.887][WARN] Satellite has invalid orbit: "STARLINK-36456" "67357"
[     5.887][WARN] Satellite has invalid orbit: "STARLINK-36677" "68178"
[     5.887][WARN] Satellite has invalid orbit: "STARLINK-36546" "67459"
[     5.887][WARN] Satellite has invalid orbit: "STARLINK-36647" "67824"
[     5.888][WARN] Satellite has invalid orbit: "STARLINK-3655" "51983"
[     5.887][WARN] Satellite has invalid orbit: "STARLINK-36458" "67343"
[     5.887][WARN] Satellite has invalid orbit: "STARLINK-36724" "67914"
[     5.887][WARN] Satellite has invalid orbit: "STARLINK-3665" "52098"
[     5.888][WARN] Satellite has invalid orbit: "STARLINK-36614" "67622"
[     5.888][WARN] Satellite has invalid orbit: "STARLINK-36552" "67503"
[     5.888][WARN] Satellite has invalid orbit: "STARLINK-36648" "67825"
[     5.888][WARN] Satellite has invalid orbit: "STARLINK-36553" "67506"
[     5.888][WARN] Satellite has invalid orbit: "STARLINK-36772" "67721"
[     5.888][WARN] Satellite has invalid orbit: "STARLINK-36617" "67634"
[     5.887][WARN] Satellite has invalid orbit: "STARLINK-36728" "67927"
[     5.888][WARN] Satellite has invalid orbit: "STARLINK-36758" "67926"
[     5.888][WARN] Satellite has invalid orbit: "STARLINK-36852" "67933"
[     5.888][WARN] Satellite has invalid orbit: "STARLINK-36462" "67321"
[     5.888][WARN] Satellite has invalid orbit: "STARLINK-36822" "67909"
[     5.888][WARN] Satellite has invalid orbit: "STARLINK-36463" "67315"
[     5.888][WARN] Satellite has invalid orbit: "STARLINK-36556" "67642"
[     5.888][WARN] Satellite has invalid orbit: "STARLINK-36869" "67954"
[     5.888][WARN] Satellite has invalid orbit: "STARLINK-36814" "67904"
[     5.888][WARN] Satellite has invalid orbit: "STARLINK-36651" "67840"
[     5.888][WARN] Satellite has invalid orbit: "STARLINK-36886" "68175"
[     5.888][WARN] Satellite has invalid orbit: "STARLINK-36652" "67839"
[     5.888][WARN] Satellite has invalid orbit: "STARLINK-36897" "67951"
[     5.888][WARN] Satellite has invalid orbit: "STARLINK-36834" "67959"
[     5.888][WARN] Satellite has invalid orbit: "STARLINK-36889" "68006"
[     5.888][WARN] Satellite has invalid orbit: "STARLINK-36763" "67906"
[     5.888][WARN] Satellite has invalid orbit: "STARLINK-36464" "67428"
[     5.888][WARN] Satellite has invalid orbit: "STARLINK-36903" "68001"
[     5.888][WARN] Satellite has invalid orbit: "STARLINK-36926" "67999"
[     5.888][WARN] Satellite has invalid orbit: "STARLINK-3697" "51962"
[     5.888][WARN] Satellite has invalid orbit: "STARLINK-37086" "68253"
[     5.888][WARN] Satellite has invalid orbit: "STARLINK-36656" "67841"
[     5.888][WARN] Satellite has invalid orbit: "STARLINK-36965" "68961"
[     5.888][WARN] Satellite has invalid orbit: "STARLINK-36657" "67835"
[     5.888][WARN] Satellite has invalid orbit: "STARLINK-36908" "67945"
[     5.888][WARN] Satellite has invalid orbit: "STARLINK-36658" "67846"
[     5.888][WARN] Satellite has invalid orbit: "STARLINK-37087" "68250"
[     5.888][WARN] Satellite has invalid orbit: "STARLINK-37076" "68173"
[     5.888][WARN] Satellite has invalid orbit: "STARLINK-36659" "67833"
[     5.888][WARN] Satellite has invalid orbit: "STARLINK-37199" "68327"
[     5.888][WARN] Satellite has invalid orbit: "STARLINK-36966" "68044"
[     5.888][WARN] Satellite has invalid orbit: "STARLINK-3716" "52092"
[     5.888][WARN] Satellite has invalid orbit: "STARLINK-37225" "68714"
[     5.888][WARN] Satellite has invalid orbit: "STARLINK-37200" "68339"
[     5.888][WARN] Satellite has invalid orbit: "STARLINK-3723" "52138"
[     5.888][WARN] Satellite has invalid orbit: "STARLINK-37411" "69380"
[     5.888][WARN] Satellite has invalid orbit: "STARLINK-37379" "69522"
[     5.888][WARN] Satellite has invalid orbit: "STARLINK-37235" "69154"
[     5.888][WARN] Satellite has invalid orbit: "STARLINK-37216" "68391"
[     5.888][WARN] Satellite has invalid orbit: "STARLINK-37241" "68528"
[     5.888][WARN] Satellite has invalid orbit: "STARLINK-37325" "68748"
[     5.888][WARN] Satellite has invalid orbit: "STARLINK-37244" "68529"
[     5.888][WARN] Satellite has invalid orbit: "STARLINK-3749" "52313"
[     5.888][WARN] Satellite has invalid orbit: "STARLINK-3733" "52137"
[     5.888][WARN] Satellite has invalid orbit: "STARLINK-37581" "69366"
[     5.888][WARN] Satellite has invalid orbit: "STARLINK-37448" "100041"
[     5.888][WARN] Satellite has invalid orbit: "STARLINK-37607" "69514"
[     5.888][WARN] Satellite has invalid orbit: "STARLINK-37557" "69231"
[     5.888][WARN] Satellite has invalid orbit: "STARLINK-3752" "52312"
[     5.888][WARN] Satellite has invalid orbit: "STARLINK-37509" "69444"
[     5.888][WARN] Satellite has invalid orbit: "STARLINK-37582" "69363"
[     5.888][WARN] Satellite has invalid orbit: "STARLINK-37666" "69046"
[     5.888][WARN] Satellite has invalid orbit: "STARLINK-37645" "69371"
[     5.888][WARN] Satellite has invalid orbit: "STARLINK-37565" "69458"
[     5.888][WARN] Satellite has invalid orbit: "STARLINK-37588" "69842"
[     5.888][WARN] Satellite has invalid orbit: "STARLINK-37739" "69233"
[     5.888][WARN] Satellite has invalid orbit: "STARLINK-37621" "69830"
[     5.888][WARN] Satellite has invalid orbit: "STARLINK-37672" "100038"
[     5.888][WARN] Satellite has invalid orbit: "STARLINK-37332" "69150"
[     5.888][WARN] Satellite has invalid orbit: "STARLINK-37761" "69200"
[     5.888][WARN] Satellite has invalid orbit: "STARLINK-37686" "69470"
[     5.888][WARN] Satellite has invalid orbit: "STARLINK-37818" "69333"
[     5.888][WARN] Satellite has invalid orbit: "STARLINK-37923" "69949"
[     5.888][WARN] Satellite has invalid orbit: "STARLINK-37882" "69954"
[     5.888][WARN] Satellite has invalid orbit: "STARLINK-37650" "100056"
[     5.888][WARN] Satellite has invalid orbit: "STARLINK-37624" "69833"
[     5.888][WARN] Satellite has invalid orbit: "STARLINK-3801" "52356"
[     5.888][WARN] Satellite has invalid orbit: "STARLINK-37693" "100039"
[     5.889][WARN] Satellite has invalid orbit: "STARLINK-37657" "69145"
[     5.889][WARN] Satellite has invalid orbit: "STARLINK-38296" "100376"
[     5.889][WARN] Satellite has invalid orbit: "STARLINK-38298" "100324"
[     5.889][WARN] Satellite has invalid orbit: "STARLINK-3900" "52461"
[     5.889][WARN] Satellite has invalid orbit: "STARLINK-3937" "52542"
[     5.889][WARN] Satellite has invalid orbit: "STARLINK-3887" "52484"
[     5.889][WARN] Satellite has invalid orbit: "STARLINK-3953" "52559"
[     5.889][WARN] Satellite has invalid orbit: "STARLINK-3907" "52501"
[     5.889][WARN] Satellite has invalid orbit: "STARLINK-4007" "52707"
[     5.889][WARN] Satellite has invalid orbit: "STARLINK-3862" "52471"
[     5.889][WARN] Satellite has invalid orbit: "STARLINK-3959" "52564"
[     5.889][WARN] Satellite has invalid orbit: "STARLINK-3992" "52627"
[     5.889][WARN] Satellite has invalid orbit: "STARLINK-4037" "52663"
[     5.889][WARN] Satellite has invalid orbit: "STARLINK-3997" "52609"
[     5.889][WARN] Satellite has invalid orbit: "STARLINK-3841" "52369"
[     5.889][WARN] Satellite has invalid orbit: "STARLINK-3875" "52483"
[     5.889][WARN] Satellite has invalid orbit: "STARLINK-3889" "52331"
[     5.889][WARN] Satellite has invalid orbit: "STARLINK-4059" "53250"
[     5.889][WARN] Satellite has invalid orbit: "STARLINK-4090" "53165"
[     5.889][WARN] Satellite has invalid orbit: "STARLINK-4133" "53253"
[     5.889][WARN] Satellite has invalid orbit: "STARLINK-3989" "52630"
[     5.889][WARN] Satellite has invalid orbit: "STARLINK-3891" "52650"
[     5.889][WARN] Satellite has invalid orbit: "STARLINK-3909" "52452"
[     5.889][WARN] Satellite has invalid orbit: "STARLINK-4175" "53283"
[     5.889][WARN] Satellite has invalid orbit: "STARLINK-4060" "53267"
[     5.889][WARN] Satellite has invalid orbit: "STARLINK-4265" "53011"
[     5.889][WARN] Satellite has invalid orbit: "STARLINK-4156" "53038"
[     5.889][WARN] Satellite has invalid orbit: "STARLINK-4072" "52694"
[     5.889][WARN] Satellite has invalid orbit: "STARLINK-4331" "53046"
[     5.889][WARN] Satellite has invalid orbit: "STARLINK-4368" "53234"
[     5.889][WARN] Satellite has invalid orbit: "STARLINK-4431" "53486"
[     5.889][WARN] Satellite has invalid orbit: "STARLINK-4144" "53257"
[     5.889][WARN] Satellite has invalid orbit: "STARLINK-4177" "53013"
[     5.889][WARN] Satellite has invalid orbit: "STARLINK-4520" "53400"
[     5.889][WARN] Satellite has invalid orbit: "STARLINK-4432" "53487"
[     5.889][WARN] Satellite has invalid orbit: "STARLINK-4342" "53070"
[     5.889][WARN] Satellite has invalid orbit: "STARLINK-4652" "53736"
[     5.889][WARN] Satellite has invalid orbit: "STARLINK-4608" "53621"
[     5.889][WARN] Satellite has invalid orbit: "STARLINK-4475" "53545"
[     5.889][WARN] Satellite has invalid orbit: "STARLINK-4742" "53795"
[     5.889][WARN] Satellite has invalid orbit: "STARLINK-4206" "52847"
[     5.889][WARN] Satellite has invalid orbit: "STARLINK-4719" "53774"
[     5.889][WARN] Satellite has invalid orbit: "STARLINK-4640" "53728"
[     5.889][WARN] Satellite has invalid orbit: "STARLINK-4764" "53827"
[     5.889][WARN] Satellite has invalid orbit: "STARLINK-5212" "54075"
[     5.889][WARN] Satellite has invalid orbit: "STARLINK-5084" "54851"
[     5.889][WARN] Satellite has invalid orbit: "STARLINK-5133" "53980"
[     5.889][WARN] Satellite has invalid orbit: "STARLINK-5224" "55397"
[     5.889][WARN] Satellite has invalid orbit: "STARLINK-4732" "53870"
[     5.889][WARN] Satellite has invalid orbit: "STARLINK-5109" "54002"
[     5.889][WARN] Satellite has invalid orbit: "STARLINK-5201" "54076"
[     5.889][WARN] Satellite has invalid orbit: "STARLINK-5270" "55299"
[     5.889][WARN] Satellite has invalid orbit: "STARLINK-5298" "55281"
[     5.889][WARN] Satellite has invalid orbit: "STARLINK-5137" "53975"
[     5.889][WARN] Satellite has invalid orbit: "STARLINK-5331" "55280"
[     5.889][WARN] Satellite has invalid orbit: "STARLINK-5306" "55271"
[     5.889][WARN] Satellite has invalid orbit: "STARLINK-5286" "55294"
[     5.889][WARN] Satellite has invalid orbit: "STARLINK-4773" "53838"
[     5.889][WARN] Satellite has invalid orbit: "STARLINK-5424" "54811"
[     5.890][WARN] Satellite has invalid orbit: "STARLINK-5557" "55770"
[     5.890][WARN] Satellite has invalid orbit: "STARLINK-5601" "55744"
[     5.890][WARN] Satellite has invalid orbit: "STARLINK-5650" "55475"
[     5.890][WARN] Satellite has invalid orbit: "STARLINK-5718" "55620"
[     5.890][WARN] Satellite has invalid orbit: "STARLINK-5677" "55463"
[     5.890][WARN] Satellite has invalid orbit: "STARLINK-5652" "55334"
[     5.889][WARN] Satellite has invalid orbit: "STARLINK-5456" "55667"
[     5.890][WARN] Satellite has invalid orbit: "STARLINK-5564" "56134"
[     5.890][WARN] Satellite has invalid orbit: "STARLINK-5712" "55615"
[     5.890][WARN] Satellite has invalid orbit: "STARLINK-5766" "56025"
[     5.890][WARN] Satellite has invalid orbit: "STARLINK-5769" "55585"
[     5.890][WARN] Satellite has invalid orbit: "STARLINK-5813" "55790"
[     5.890][WARN] Satellite has invalid orbit: "STARLINK-5772" "56024"
[     5.890][WARN] Satellite has invalid orbit: "STARLINK-4774" "56138"
[     5.890][WARN] Satellite has invalid orbit: "STARLINK-5830" "57065"
[     5.890][WARN] Satellite has invalid orbit: "STARLINK-5919" "55927"
[     5.890][WARN] Satellite has invalid orbit: "STARLINK-5788" "57148"
[     5.890][WARN] Satellite has invalid orbit: "STARLINK-5995" "56456"
[     5.890][WARN] Satellite has invalid orbit: "STARLINK-6066" "56105"
[     5.890][WARN] Satellite has invalid orbit: "STARLINK-5856" "55914"
[     5.890][WARN] Satellite has invalid orbit: "STARLINK-6130" "57104"
[     5.890][WARN] Satellite has invalid orbit: "STARLINK-4791" "53936"
[     5.890][WARN] Satellite has invalid orbit: "STARLINK-5794" "56006"
[     5.890][WARN] Satellite has invalid orbit: "STARLINK-6190" "56774"
[     5.890][WARN] Satellite has invalid orbit: "STARLINK-6241" "56409"
[     5.890][WARN] Satellite has invalid orbit: "STARLINK-6275" "56772"
[     5.890][WARN] Satellite has invalid orbit: "STARLINK-6169" "56889"
[     5.890][WARN] Satellite has invalid orbit: "SUOMI-100" "43804"
[     5.890][WARN] Satellite has invalid orbit: "STARLINK-6335" "56527"
[     5.890][WARN] Satellite has invalid orbit: "STARLINK-6342" "56770"
[     5.890][WARN] Satellite has invalid orbit: "UNKNOWN" "81323"
[     5.890][WARN] Satellite has invalid orbit: "UNKNOWN" "82180"
[     5.891][WARN] Satellite has invalid orbit: "UNKNOWN" "85047"
[     5.891][WARN] Satellite has invalid orbit: "UNKNOWN" "87334"
[     5.891][WARN] Satellite has invalid orbit: "UNKNOWN" "87335"
[     5.891][WARN] Satellite has invalid orbit: "TECHDEMOSAT-1 (TDS-1)" "40076"
[     5.891][WARN] Satellite has invalid orbit: "SVYATOBOR 1 (RS60S)" "57187"
[     5.893][WARN] Satellite has invalid orbit: "TIANMU-1 07" "57399"
[     5.894][WARN] Satellite has invalid orbit: "TIANMU-1 08" "57400"
[     5.894][WARN] Satellite has invalid orbit: "TIANMU-1 09" "57401"
[     5.894][WARN] Satellite has invalid orbit: "TIANMU-1 10" "57402"
[     5.894][WARN] Satellite has invalid orbit: "TIANMU-1 20" "58661"
[     5.895][WARN] Satellite has invalid orbit: "UTMN 2 (RS27S)" "57203"
[     5.898][WARN] Satellite has invalid orbit: "USA 290" "43941"
[     5.898][WARN] Satellite has invalid orbit: "USA 318" "48848"
[     5.898][WARN] Satellite has invalid orbit: "USA 326" "51445"
[     5.899][WARN] Satellite has invalid orbit: "USA 352" "59288"
[     5.900][WARN] Satellite has invalid orbit: "VIGORIDE-3" "52760"
[     5.900][WARN] Satellite has invalid orbit: "TIANYAN 02" "44882"
[     5.901][WARN] Satellite has invalid orbit: "TYVAK-0130" "48606"
[     5.904][WARN] Satellite has invalid orbit: "YAOGAN-21" "40143"
[     5.904][WARN] Satellite has invalid orbit: "YAOGAN-28" "41026"
[     5.904][WARN] Satellite has invalid orbit: "ZHANGHENG 1-01 (CSES-1)" "43194"
[     5.905][WARN] Satellite has invalid orbit: "ZORKIY-2M 1" "57177"
[    48.408][WARN] Satellite has invalid orbit: "STARLINK-11364 [DTC]" "61543"
[   206.878][WARN] Satellite has invalid orbit: "STARLINK-3750" "52311"
[   329.480][WARN] Satellite has invalid orbit: "UNKNOWN" "81052"
[   475.374][WARN] Satellite has invalid orbit: "UNKNOWN" "87456"
[   866.460][WARN] Satellite has invalid orbit: "STARLINK-32525" "62121"
[   870.075][WARN] Satellite has invalid orbit: "KUZGTU 1 (RS47S)" "57217"
STELT9: 测量 1800 秒开始
[  1883.773][WARN] Satellite has invalid orbit: "GEOSCAN 2 (RS92S2)" "64890"
[  1931.088][WARN] Satellite has invalid orbit: "STARLINK-34503" "64420"
[  2187.876][WARN] Satellite has invalid orbit: "STARLINK-5471" "54766"
[  2662.699][WARN] Satellite has invalid orbit: "STARLINK-30305" "57775"
[  2705.957][INFO] Unloaded plugin "SolarSystemEditor"
[  2706.000][INFO] Unloaded plugin "Satellites"
[  2706.007][INFO] Unloaded plugin "Oculars"
[  2706.008][INFO] Unloaded plugin "Novae"
[  2706.008][INFO] Unloaded plugin "MeteorShowers"
[  2706.012][INFO] Unloaded plugin "Exoplanets"
[  2706.030][INFO] Downloaded 0 files (0 kbytes) in a session of 2705.89 sec (average of 0 kB/s + 0 files from cache (0 kB)).
[  2706.124][INFO] LandscapeMgr: Clearing cache of 0 landscapes totalling about  0 MB.
[  2706.169][DBG ] StelGLWidget destroyed
STELT9: T9-C00 PASS 运行环境：电源=Now drawing from 'AC Power'；低电量模式=关；判定=合规。冻结协议要求接通电源且关闭低电量模式（被系统降频时的吞吐/延迟数据无意义）
STELT9: T9-C01 PASS 引擎无头初始化成功（0ms）
STELT9: T9-C02 PASS 帧桥装配成功（借用上下文，离屏 FBO 1280x720，行步长 5120，每帧 3600 KB）
STELT9: T9-C03 PASS 测量段请求 97977 = 投递 97977，渲染失败 0（进程内计数 0），邮箱丢弃 0 —— 管道完整（帧 97977，54.43 fps）
STELT9: T9-C04 PASS renderMs: mean=17.45 p50=17.00 p95=20.00 max=196.00；readbackMs: mean=0.57 p50=1.00 p95=1.00 max=7.00；totalMs: mean=18.01 p50=18.00 p95=21.00 max=197.00；ageMs: mean=0.00 p50=0.00 p95=0.00 max=1.00。帧龄说明：生产者即取即用模式下帧龄 ≡ totalMs，ageMs 单列仅作邮箱簿记核对（恒≈0 属预期）
STELT9: T9-C05 PASS 内存基线：预热后 RSS=246 MiB → 结束 242 MiB（增 -4.0 MiB）；phys_footprint 2468.6 → 2474.0 MiB（增 5.4 MiB）。3686400 字节/帧 × 3 槽位为常驻帧内存下限，增长超过数倍即泄漏
STELT9: T9-C06 PASS 长跑内容抽查：195 次抽查（每 500 帧 1 次）全通过，无静默黑屏
STELT9: T9-C07 PASS 30 分钟后 GL 错误栈=0x0（NO_ERROR 才合格）
STELT9: T9-C08 PASS 测量期间环境漂移检查：0 次违规（每 60 秒复核一次；0 次才说明数据在合规环境下取得）
STELT9: T9-INFO 逐帧 CSV：docs/evidence/2026-09-22-stelt9-consistency-reac/build.csv（97977 行）
STELT9: VERDICT=PASS T9 长跑基线：1800 秒测量 / 97977 帧 / 54.43 fps / 失败 0 / 丢弃 0
EXIT=0
